
Discarded input sections

 .text          0x00000000       0x14 ./system/src/cmsis/startup.o
 .data          0x00000000        0x0 ./system/src/cmsis/startup.o
 .bss           0x00000000        0x0 ./system/src/cmsis/startup.o
 .group         0x00000000        0xc ./system/src/cmsis/system_stm32f4xx.o
 .group         0x00000000        0xc ./system/src/cmsis/system_stm32f4xx.o
 .group         0x00000000        0xc ./system/src/cmsis/system_stm32f4xx.o
 .group         0x00000000        0xc ./system/src/cmsis/system_stm32f4xx.o
 .group         0x00000000        0xc ./system/src/cmsis/system_stm32f4xx.o
 .group         0x00000000        0xc ./system/src/cmsis/system_stm32f4xx.o
 .group         0x00000000        0xc ./system/src/cmsis/system_stm32f4xx.o
 .group         0x00000000        0xc ./system/src/cmsis/system_stm32f4xx.o
 .group         0x00000000        0xc ./system/src/cmsis/system_stm32f4xx.o
 .group         0x00000000        0xc ./system/src/cmsis/system_stm32f4xx.o
 .group         0x00000000        0xc ./system/src/cmsis/system_stm32f4xx.o
 .group         0x00000000        0xc ./system/src/cmsis/system_stm32f4xx.o
 .group         0x00000000        0xc ./system/src/cmsis/system_stm32f4xx.o
 .group         0x00000000        0xc ./system/src/cmsis/system_stm32f4xx.o
 .group         0x00000000        0xc ./system/src/cmsis/system_stm32f4xx.o
 .group         0x00000000        0xc ./system/src/cmsis/system_stm32f4xx.o
 .text          0x00000000      0x10c ./system/src/cmsis/system_stm32f4xx.o
 .data          0x00000000        0x4 ./system/src/cmsis/system_stm32f4xx.o
 .bss           0x00000000        0x0 ./system/src/cmsis/system_stm32f4xx.o
 .rodata        0x00000000       0x18 ./system/src/cmsis/system_stm32f4xx.o
 .debug_info    0x00000000      0x361 ./system/src/cmsis/system_stm32f4xx.o
 .debug_abbrev  0x00000000      0x116 ./system/src/cmsis/system_stm32f4xx.o
 .debug_aranges
                0x00000000       0x20 ./system/src/cmsis/system_stm32f4xx.o
 .debug_macro   0x00000000       0xda ./system/src/cmsis/system_stm32f4xx.o
 .debug_macro   0x00000000      0xa72 ./system/src/cmsis/system_stm32f4xx.o
 .debug_macro   0x00000000       0x2e ./system/src/cmsis/system_stm32f4xx.o
 .debug_macro   0x00000000       0x2f ./system/src/cmsis/system_stm32f4xx.o
 .debug_macro   0x00000000       0x22 ./system/src/cmsis/system_stm32f4xx.o
 .debug_macro   0x00000000       0x56 ./system/src/cmsis/system_stm32f4xx.o
 .debug_macro   0x00000000       0x51 ./system/src/cmsis/system_stm32f4xx.o
 .debug_macro   0x00000000      0x103 ./system/src/cmsis/system_stm32f4xx.o
 .debug_macro   0x00000000       0x6a ./system/src/cmsis/system_stm32f4xx.o
 .debug_macro   0x00000000      0x1df ./system/src/cmsis/system_stm32f4xx.o
 .debug_macro   0x00000000       0x1c ./system/src/cmsis/system_stm32f4xx.o
 .debug_macro   0x00000000       0x22 ./system/src/cmsis/system_stm32f4xx.o
 .debug_macro   0x00000000       0xfb ./system/src/cmsis/system_stm32f4xx.o
 .debug_macro   0x00000000     0x1011 ./system/src/cmsis/system_stm32f4xx.o
 .debug_macro   0x00000000      0x11f ./system/src/cmsis/system_stm32f4xx.o
 .debug_macro   0x00000000    0x15e97 ./system/src/cmsis/system_stm32f4xx.o
 .debug_macro   0x00000000       0x6d ./system/src/cmsis/system_stm32f4xx.o
 .debug_line    0x00000000      0x399 ./system/src/cmsis/system_stm32f4xx.o
 .debug_str     0x00000000    0x88367 ./system/src/cmsis/system_stm32f4xx.o
 .comment       0x00000000       0x4a ./system/src/cmsis/system_stm32f4xx.o
 .debug_frame   0x00000000       0x58 ./system/src/cmsis/system_stm32f4xx.o
 .ARM.attributes
                0x00000000       0x2e ./system/src/cmsis/system_stm32f4xx.o
 .group         0x00000000        0xc ./src/App.o
 .group         0x00000000        0xc ./src/App.o
 .group         0x00000000        0xc ./src/App.o
 .group         0x00000000        0xc ./src/App.o
 .group         0x00000000        0xc ./src/App.o
 .group         0x00000000        0xc ./src/App.o
 .group         0x00000000        0xc ./src/App.o
 .group         0x00000000        0xc ./src/App.o
 .group         0x00000000        0xc ./src/App.o
 .group         0x00000000        0xc ./src/App.o
 .group         0x00000000        0xc ./src/App.o
 .group         0x00000000        0xc ./src/App.o
 .group         0x00000000        0xc ./src/App.o
 .group         0x00000000        0xc ./src/App.o
 .group         0x00000000        0xc ./src/App.o
 .group         0x00000000        0xc ./src/App.o
 .group         0x00000000        0xc ./src/App.o
 .group         0x00000000        0xc ./src/App.o
 .group         0x00000000        0xc ./src/App.o
 .group         0x00000000        0xc ./src/App.o
 .group         0x00000000        0xc ./src/App.o
 .group         0x00000000        0xc ./src/App.o
 .group         0x00000000        0xc ./src/App.o
 .group         0x00000000        0xc ./src/App.o
 .group         0x00000000        0xc ./src/App.o
 .group         0x00000000        0xc ./src/App.o
 .group         0x00000000        0xc ./src/App.o
 .group         0x00000000        0xc ./src/App.o
 .group         0x00000000        0xc ./src/App.o
 .group         0x00000000        0xc ./src/App.o
 .group         0x00000000        0xc ./src/App.o
 .group         0x00000000        0xc ./src/App.o
 .group         0x00000000        0xc ./src/App.o
 .group         0x00000000        0xc ./src/App.o
 .group         0x00000000        0xc ./src/App.o
 .debug_macro   0x00000000      0xa72 ./src/App.o
 .debug_macro   0x00000000       0x2f ./src/App.o
 .debug_macro   0x00000000       0x22 ./src/App.o
 .debug_macro   0x00000000       0x56 ./src/App.o
 .debug_macro   0x00000000       0x51 ./src/App.o
 .debug_macro   0x00000000      0x103 ./src/App.o
 .debug_macro   0x00000000       0x6a ./src/App.o
 .debug_macro   0x00000000      0x1df ./src/App.o
 .debug_macro   0x00000000       0x1c ./src/App.o
 .debug_macro   0x00000000       0x22 ./src/App.o
 .debug_macro   0x00000000       0xfb ./src/App.o
 .debug_macro   0x00000000     0x1011 ./src/App.o
 .debug_macro   0x00000000      0x11f ./src/App.o
 .debug_macro   0x00000000    0x15e97 ./src/App.o
 .group         0x00000000        0xc ./src/SystemInit.o
 .group         0x00000000        0xc ./src/SystemInit.o
 .group         0x00000000        0xc ./src/SystemInit.o
 .group         0x00000000        0xc ./src/SystemInit.o
 .group         0x00000000        0xc ./src/SystemInit.o
 .group         0x00000000        0xc ./src/SystemInit.o
 .group         0x00000000        0xc ./src/SystemInit.o
 .group         0x00000000        0xc ./src/SystemInit.o
 .group         0x00000000        0xc ./src/SystemInit.o
 .group         0x00000000        0xc ./src/SystemInit.o
 .group         0x00000000        0xc ./src/SystemInit.o
 .group         0x00000000        0xc ./src/SystemInit.o
 .group         0x00000000        0xc ./src/SystemInit.o
 .group         0x00000000        0xc ./src/SystemInit.o
 .group         0x00000000        0xc ./src/SystemInit.o
 .group         0x00000000        0xc ./src/SystemInit.o
 .group         0x00000000        0xc ./src/SystemInit.o
 .group         0x00000000        0xc ./src/SystemInit.o
 .group         0x00000000        0xc ./src/SystemInit.o
 .group         0x00000000        0xc ./src/SystemInit.o
 .group         0x00000000        0xc ./src/SystemInit.o
 .group         0x00000000        0xc ./src/SystemInit.o
 .group         0x00000000        0xc ./src/SystemInit.o
 .group         0x00000000        0xc ./src/SystemInit.o
 .group         0x00000000        0xc ./src/SystemInit.o
 .group         0x00000000        0xc ./src/SystemInit.o
 .group         0x00000000        0xc ./src/SystemInit.o
 .group         0x00000000        0xc ./src/SystemInit.o
 .group         0x00000000        0xc ./src/SystemInit.o
 .group         0x00000000        0xc ./src/SystemInit.o
 .group         0x00000000        0xc ./src/SystemInit.o
 .group         0x00000000        0xc ./src/SystemInit.o
 .group         0x00000000        0xc ./src/SystemInit.o
 .group         0x00000000        0xc ./src/SystemInit.o
 .data          0x00000000        0x0 ./src/SystemInit.o
 .bss           0x00000000        0x0 ./src/SystemInit.o
 .debug_macro   0x00000000      0xa72 ./src/SystemInit.o
 .debug_macro   0x00000000       0x2f ./src/SystemInit.o
 .debug_macro   0x00000000       0x22 ./src/SystemInit.o
 .debug_macro   0x00000000       0x56 ./src/SystemInit.o
 .debug_macro   0x00000000       0x51 ./src/SystemInit.o
 .debug_macro   0x00000000      0x103 ./src/SystemInit.o
 .debug_macro   0x00000000       0x6a ./src/SystemInit.o
 .debug_macro   0x00000000      0x1df ./src/SystemInit.o
 .debug_macro   0x00000000       0x1c ./src/SystemInit.o
 .debug_macro   0x00000000       0x22 ./src/SystemInit.o
 .debug_macro   0x00000000       0xfb ./src/SystemInit.o
 .debug_macro   0x00000000     0x1011 ./src/SystemInit.o
 .debug_macro   0x00000000      0x11f ./src/SystemInit.o
 .debug_macro   0x00000000    0x15e97 ./src/SystemInit.o
 .debug_macro   0x00000000       0x64 ./src/SystemInit.o
 .debug_macro   0x00000000       0x18 ./src/SystemInit.o
 .debug_macro   0x00000000       0x35 ./src/SystemInit.o
 .debug_macro   0x00000000       0x34 ./src/SystemInit.o
 .debug_macro   0x00000000       0x16 ./src/SystemInit.o
 .debug_macro   0x00000000       0x97 ./src/SystemInit.o
 .debug_macro   0x00000000      0x341 ./src/SystemInit.o
 .debug_macro   0x00000000       0xfd ./src/SystemInit.o
 .debug_macro   0x00000000       0x10 ./src/SystemInit.o
 .debug_macro   0x00000000       0x16 ./src/SystemInit.o
 .debug_macro   0x00000000       0x43 ./src/SystemInit.o
 .debug_macro   0x00000000       0x34 ./src/SystemInit.o
 .debug_macro   0x00000000       0x10 ./src/SystemInit.o
 .debug_macro   0x00000000       0x58 ./src/SystemInit.o
 .debug_macro   0x00000000      0x182 ./src/SystemInit.o
 .debug_macro   0x00000000       0xbe ./src/SystemInit.o
 .debug_macro   0x00000000       0x16 ./src/SystemInit.o
 .debug_macro   0x00000000      0x129 ./src/SystemInit.o
 .debug_macro   0x00000000       0x10 ./src/SystemInit.o
 .group         0x00000000        0xc ./src/gpio.o
 .group         0x00000000        0xc ./src/gpio.o
 .group         0x00000000        0xc ./src/gpio.o
 .group         0x00000000        0xc ./src/gpio.o
 .group         0x00000000        0xc ./src/gpio.o
 .group         0x00000000        0xc ./src/gpio.o
 .group         0x00000000        0xc ./src/gpio.o
 .group         0x00000000        0xc ./src/gpio.o
 .group         0x00000000        0xc ./src/gpio.o
 .group         0x00000000        0xc ./src/gpio.o
 .group         0x00000000        0xc ./src/gpio.o
 .group         0x00000000        0xc ./src/gpio.o
 .group         0x00000000        0xc ./src/gpio.o
 .group         0x00000000        0xc ./src/gpio.o
 .group         0x00000000        0xc ./src/gpio.o
 .group         0x00000000        0xc ./src/gpio.o
 .group         0x00000000        0xc ./src/gpio.o
 .group         0x00000000        0xc ./src/gpio.o
 .group         0x00000000        0xc ./src/gpio.o
 .group         0x00000000        0xc ./src/gpio.o
 .group         0x00000000        0xc ./src/gpio.o
 .group         0x00000000        0xc ./src/gpio.o
 .group         0x00000000        0xc ./src/gpio.o
 .group         0x00000000        0xc ./src/gpio.o
 .group         0x00000000        0xc ./src/gpio.o
 .group         0x00000000        0xc ./src/gpio.o
 .group         0x00000000        0xc ./src/gpio.o
 .group         0x00000000        0xc ./src/gpio.o
 .group         0x00000000        0xc ./src/gpio.o
 .group         0x00000000        0xc ./src/gpio.o
 .group         0x00000000        0xc ./src/gpio.o
 .group         0x00000000        0xc ./src/gpio.o
 .group         0x00000000        0xc ./src/gpio.o
 .group         0x00000000        0xc ./src/gpio.o
 .data          0x00000000        0x0 ./src/gpio.o
 .bss           0x00000000        0x0 ./src/gpio.o
 .debug_macro   0x00000000      0xa72 ./src/gpio.o
 .debug_macro   0x00000000       0x2f ./src/gpio.o
 .debug_macro   0x00000000       0x22 ./src/gpio.o
 .debug_macro   0x00000000       0x56 ./src/gpio.o
 .debug_macro   0x00000000       0x51 ./src/gpio.o
 .debug_macro   0x00000000      0x103 ./src/gpio.o
 .debug_macro   0x00000000       0x6a ./src/gpio.o
 .debug_macro   0x00000000      0x1df ./src/gpio.o
 .debug_macro   0x00000000       0x1c ./src/gpio.o
 .debug_macro   0x00000000       0x22 ./src/gpio.o
 .debug_macro   0x00000000       0xfb ./src/gpio.o
 .debug_macro   0x00000000     0x1011 ./src/gpio.o
 .debug_macro   0x00000000      0x11f ./src/gpio.o
 .debug_macro   0x00000000    0x15e97 ./src/gpio.o
 .debug_macro   0x00000000       0x64 ./src/gpio.o
 .debug_macro   0x00000000       0x18 ./src/gpio.o
 .debug_macro   0x00000000       0x35 ./src/gpio.o
 .debug_macro   0x00000000       0x34 ./src/gpio.o
 .debug_macro   0x00000000       0x16 ./src/gpio.o
 .debug_macro   0x00000000       0x97 ./src/gpio.o
 .debug_macro   0x00000000      0x341 ./src/gpio.o
 .debug_macro   0x00000000       0xfd ./src/gpio.o
 .debug_macro   0x00000000       0x10 ./src/gpio.o
 .debug_macro   0x00000000       0x16 ./src/gpio.o
 .debug_macro   0x00000000       0x43 ./src/gpio.o
 .debug_macro   0x00000000       0x34 ./src/gpio.o
 .debug_macro   0x00000000       0x10 ./src/gpio.o
 .debug_macro   0x00000000       0x58 ./src/gpio.o
 .debug_macro   0x00000000      0x182 ./src/gpio.o
 .debug_macro   0x00000000       0xbe ./src/gpio.o
 .debug_macro   0x00000000       0x16 ./src/gpio.o
 .debug_macro   0x00000000      0x129 ./src/gpio.o
 .debug_macro   0x00000000       0x10 ./src/gpio.o
 .debug_macro   0x00000000      0x124 ./src/gpio.o
 .group         0x00000000        0xc ./src/main.o
 .group         0x00000000        0xc ./src/main.o
 .group         0x00000000        0xc ./src/main.o
 .group         0x00000000        0xc ./src/main.o
 .group         0x00000000        0xc ./src/main.o
 .group         0x00000000        0xc ./src/main.o
 .group         0x00000000        0xc ./src/main.o
 .group         0x00000000        0xc ./src/main.o
 .group         0x00000000        0xc ./src/main.o
 .group         0x00000000        0xc ./src/main.o
 .group         0x00000000        0xc ./src/main.o
 .group         0x00000000        0xc ./src/main.o
 .group         0x00000000        0xc ./src/main.o
 .group         0x00000000        0xc ./src/main.o
 .group         0x00000000        0xc ./src/main.o
 .group         0x00000000        0xc ./src/main.o
 .group         0x00000000        0xc ./src/main.o
 .group         0x00000000        0xc ./src/main.o
 .group         0x00000000        0xc ./src/main.o
 .group         0x00000000        0xc ./src/main.o
 .group         0x00000000        0xc ./src/main.o
 .group         0x00000000        0xc ./src/main.o
 .group         0x00000000        0xc ./src/main.o
 .group         0x00000000        0xc ./src/main.o
 .group         0x00000000        0xc ./src/main.o
 .group         0x00000000        0xc ./src/main.o
 .group         0x00000000        0xc ./src/main.o
 .group         0x00000000        0xc ./src/main.o
 .group         0x00000000        0xc ./src/main.o
 .group         0x00000000        0xc ./src/main.o
 .group         0x00000000        0xc ./src/main.o
 .group         0x00000000        0xc ./src/main.o
 .group         0x00000000        0xc ./src/main.o
 .group         0x00000000        0xc ./src/main.o
 .group         0x00000000        0xc ./src/main.o
 .group         0x00000000        0xc ./src/main.o
 .group         0x00000000        0xc ./src/main.o
 .group         0x00000000        0xc ./src/main.o
 .group         0x00000000        0xc ./src/main.o
 .group         0x00000000        0xc ./src/main.o
 .group         0x00000000        0xc ./src/main.o
 .group         0x00000000        0xc ./src/main.o
 .group         0x00000000        0xc ./src/main.o
 .group         0x00000000        0xc ./src/main.o
 .group         0x00000000        0xc ./src/main.o
 .group         0x00000000        0xc ./src/main.o
 .data          0x00000000        0x0 ./src/main.o
 .bss           0x00000000        0x0 ./src/main.o
 .debug_macro   0x00000000      0xa72 ./src/main.o
 .debug_macro   0x00000000       0x22 ./src/main.o
 .debug_macro   0x00000000       0x18 ./src/main.o
 .debug_macro   0x00000000       0x35 ./src/main.o
 .debug_macro   0x00000000       0x34 ./src/main.o
 .debug_macro   0x00000000       0x16 ./src/main.o
 .debug_macro   0x00000000       0x97 ./src/main.o
 .debug_macro   0x00000000      0x341 ./src/main.o
 .debug_macro   0x00000000       0xfd ./src/main.o
 .debug_macro   0x00000000       0x10 ./src/main.o
 .debug_macro   0x00000000       0x16 ./src/main.o
 .debug_macro   0x00000000       0x43 ./src/main.o
 .debug_macro   0x00000000       0x34 ./src/main.o
 .debug_macro   0x00000000       0x10 ./src/main.o
 .debug_macro   0x00000000       0x58 ./src/main.o
 .debug_macro   0x00000000      0x182 ./src/main.o
 .debug_macro   0x00000000       0x6a ./src/main.o
 .debug_macro   0x00000000       0x16 ./src/main.o
 .debug_macro   0x00000000      0x129 ./src/main.o
 .debug_macro   0x00000000       0x2e ./src/main.o
 .debug_macro   0x00000000       0x2f ./src/main.o
 .debug_macro   0x00000000      0x103 ./src/main.o
 .debug_macro   0x00000000      0x1df ./src/main.o
 .debug_macro   0x00000000       0x1c ./src/main.o
 .debug_macro   0x00000000       0x22 ./src/main.o
 .debug_macro   0x00000000       0xfb ./src/main.o
 .debug_macro   0x00000000     0x1011 ./src/main.o
 .debug_macro   0x00000000      0x11f ./src/main.o
 .debug_macro   0x00000000    0x15e97 ./src/main.o
 .debug_macro   0x00000000       0x6d ./src/main.o
 .debug_macro   0x00000000       0x10 ./src/main.o
 .debug_macro   0x00000000      0x11e ./src/main.o
 .debug_macro   0x00000000      0x124 ./src/main.o
 .debug_macro   0x00000000       0x10 ./src/main.o
 .group         0x00000000        0xc ./src/rcc.o
 .group         0x00000000        0xc ./src/rcc.o
 .group         0x00000000        0xc ./src/rcc.o
 .group         0x00000000        0xc ./src/rcc.o
 .group         0x00000000        0xc ./src/rcc.o
 .group         0x00000000        0xc ./src/rcc.o
 .group         0x00000000        0xc ./src/rcc.o
 .group         0x00000000        0xc ./src/rcc.o
 .group         0x00000000        0xc ./src/rcc.o
 .group         0x00000000        0xc ./src/rcc.o
 .group         0x00000000        0xc ./src/rcc.o
 .group         0x00000000        0xc ./src/rcc.o
 .group         0x00000000        0xc ./src/rcc.o
 .group         0x00000000        0xc ./src/rcc.o
 .group         0x00000000        0xc ./src/rcc.o
 .group         0x00000000        0xc ./src/rcc.o
 .group         0x00000000        0xc ./src/rcc.o
 .group         0x00000000        0xc ./src/rcc.o
 .group         0x00000000        0xc ./src/rcc.o
 .group         0x00000000        0xc ./src/rcc.o
 .group         0x00000000        0xc ./src/rcc.o
 .group         0x00000000        0xc ./src/rcc.o
 .group         0x00000000        0xc ./src/rcc.o
 .group         0x00000000        0xc ./src/rcc.o
 .group         0x00000000        0xc ./src/rcc.o
 .group         0x00000000        0xc ./src/rcc.o
 .group         0x00000000        0xc ./src/rcc.o
 .group         0x00000000        0xc ./src/rcc.o
 .group         0x00000000        0xc ./src/rcc.o
 .group         0x00000000        0xc ./src/rcc.o
 .group         0x00000000        0xc ./src/rcc.o
 .group         0x00000000        0xc ./src/rcc.o
 .group         0x00000000        0xc ./src/rcc.o
 .group         0x00000000        0xc ./src/rcc.o
 .bss           0x00000000        0x0 ./src/rcc.o
 .debug_macro   0x00000000      0xa72 ./src/rcc.o
 .debug_macro   0x00000000       0x2f ./src/rcc.o
 .debug_macro   0x00000000       0x22 ./src/rcc.o
 .debug_macro   0x00000000       0x56 ./src/rcc.o
 .debug_macro   0x00000000       0x51 ./src/rcc.o
 .debug_macro   0x00000000      0x103 ./src/rcc.o
 .debug_macro   0x00000000       0x6a ./src/rcc.o
 .debug_macro   0x00000000      0x1df ./src/rcc.o
 .debug_macro   0x00000000       0x1c ./src/rcc.o
 .debug_macro   0x00000000       0x22 ./src/rcc.o
 .debug_macro   0x00000000       0xfb ./src/rcc.o
 .debug_macro   0x00000000     0x1011 ./src/rcc.o
 .debug_macro   0x00000000      0x11f ./src/rcc.o
 .debug_macro   0x00000000    0x15e97 ./src/rcc.o
 .debug_macro   0x00000000       0x64 ./src/rcc.o
 .debug_macro   0x00000000       0x18 ./src/rcc.o
 .debug_macro   0x00000000       0x35 ./src/rcc.o
 .debug_macro   0x00000000       0x34 ./src/rcc.o
 .debug_macro   0x00000000       0x16 ./src/rcc.o
 .debug_macro   0x00000000       0x97 ./src/rcc.o
 .debug_macro   0x00000000      0x341 ./src/rcc.o
 .debug_macro   0x00000000       0xfd ./src/rcc.o
 .debug_macro   0x00000000       0x10 ./src/rcc.o
 .debug_macro   0x00000000       0x16 ./src/rcc.o
 .debug_macro   0x00000000       0x43 ./src/rcc.o
 .debug_macro   0x00000000       0x34 ./src/rcc.o
 .debug_macro   0x00000000       0x10 ./src/rcc.o
 .debug_macro   0x00000000       0x58 ./src/rcc.o
 .debug_macro   0x00000000      0x182 ./src/rcc.o
 .debug_macro   0x00000000       0xbe ./src/rcc.o
 .debug_macro   0x00000000       0x16 ./src/rcc.o
 .debug_macro   0x00000000      0x129 ./src/rcc.o
 .debug_macro   0x00000000       0x10 ./src/rcc.o
 .debug_macro   0x00000000      0x11e ./src/rcc.o
 .group         0x00000000        0xc ./src/uart.o
 .group         0x00000000        0xc ./src/uart.o
 .group         0x00000000        0xc ./src/uart.o
 .group         0x00000000        0xc ./src/uart.o
 .group         0x00000000        0xc ./src/uart.o
 .group         0x00000000        0xc ./src/uart.o
 .group         0x00000000        0xc ./src/uart.o
 .group         0x00000000        0xc ./src/uart.o
 .group         0x00000000        0xc ./src/uart.o
 .group         0x00000000        0xc ./src/uart.o
 .group         0x00000000        0xc ./src/uart.o
 .group         0x00000000        0xc ./src/uart.o
 .group         0x00000000        0xc ./src/uart.o
 .group         0x00000000        0xc ./src/uart.o
 .group         0x00000000        0xc ./src/uart.o
 .group         0x00000000        0xc ./src/uart.o
 .group         0x00000000        0xc ./src/uart.o
 .group         0x00000000        0xc ./src/uart.o
 .group         0x00000000        0xc ./src/uart.o
 .group         0x00000000        0xc ./src/uart.o
 .group         0x00000000        0xc ./src/uart.o
 .group         0x00000000        0xc ./src/uart.o
 .group         0x00000000        0xc ./src/uart.o
 .group         0x00000000        0xc ./src/uart.o
 .group         0x00000000        0xc ./src/uart.o
 .group         0x00000000        0xc ./src/uart.o
 .group         0x00000000        0xc ./src/uart.o
 .group         0x00000000        0xc ./src/uart.o
 .group         0x00000000        0xc ./src/uart.o
 .group         0x00000000        0xc ./src/uart.o
 .group         0x00000000        0xc ./src/uart.o
 .group         0x00000000        0xc ./src/uart.o
 .group         0x00000000        0xc ./src/uart.o
 .group         0x00000000        0xc ./src/uart.o
 .group         0x00000000        0xc ./src/uart.o
 .group         0x00000000        0xc ./src/uart.o
 .data          0x00000000        0x0 ./src/uart.o
 .debug_macro   0x00000000      0xa72 ./src/uart.o
 .debug_macro   0x00000000       0x2f ./src/uart.o
 .debug_macro   0x00000000       0x22 ./src/uart.o
 .debug_macro   0x00000000       0x56 ./src/uart.o
 .debug_macro   0x00000000       0x51 ./src/uart.o
 .debug_macro   0x00000000      0x103 ./src/uart.o
 .debug_macro   0x00000000       0x6a ./src/uart.o
 .debug_macro   0x00000000      0x1df ./src/uart.o
 .debug_macro   0x00000000       0x1c ./src/uart.o
 .debug_macro   0x00000000       0x22 ./src/uart.o
 .debug_macro   0x00000000       0xfb ./src/uart.o
 .debug_macro   0x00000000     0x1011 ./src/uart.o
 .debug_macro   0x00000000      0x11f ./src/uart.o
 .debug_macro   0x00000000    0x15e97 ./src/uart.o
 .debug_macro   0x00000000       0x64 ./src/uart.o
 .debug_macro   0x00000000       0x18 ./src/uart.o
 .debug_macro   0x00000000       0x35 ./src/uart.o
 .debug_macro   0x00000000       0x34 ./src/uart.o
 .debug_macro   0x00000000       0x16 ./src/uart.o
 .debug_macro   0x00000000       0x97 ./src/uart.o
 .debug_macro   0x00000000      0x341 ./src/uart.o
 .debug_macro   0x00000000       0xfd ./src/uart.o
 .debug_macro   0x00000000       0x10 ./src/uart.o
 .debug_macro   0x00000000       0x16 ./src/uart.o
 .debug_macro   0x00000000       0x43 ./src/uart.o
 .debug_macro   0x00000000       0x34 ./src/uart.o
 .debug_macro   0x00000000       0x10 ./src/uart.o
 .debug_macro   0x00000000       0x58 ./src/uart.o
 .debug_macro   0x00000000      0x182 ./src/uart.o
 .debug_macro   0x00000000       0xbe ./src/uart.o
 .debug_macro   0x00000000       0x16 ./src/uart.o
 .debug_macro   0x00000000      0x129 ./src/uart.o
 .debug_macro   0x00000000       0x10 ./src/uart.o
 .debug_macro   0x00000000      0x1a8 ./src/uart.o
 .debug_macro   0x00000000      0x11e ./src/uart.o
 .debug_macro   0x00000000      0x124 ./src/uart.o
 .group         0x00000000        0xc ./src/usb.o
 .group         0x00000000        0xc ./src/usb.o
 .group         0x00000000        0xc ./src/usb.o
 .group         0x00000000        0xc ./src/usb.o
 .group         0x00000000        0xc ./src/usb.o
 .group         0x00000000        0xc ./src/usb.o
 .group         0x00000000        0xc ./src/usb.o
 .group         0x00000000        0xc ./src/usb.o
 .group         0x00000000        0xc ./src/usb.o
 .group         0x00000000        0xc ./src/usb.o
 .group         0x00000000        0xc ./src/usb.o
 .group         0x00000000        0xc ./src/usb.o
 .group         0x00000000        0xc ./src/usb.o
 .group         0x00000000        0xc ./src/usb.o
 .group         0x00000000        0xc ./src/usb.o
 .group         0x00000000        0xc ./src/usb.o
 .group         0x00000000        0xc ./src/usb.o
 .group         0x00000000        0xc ./src/usb.o
 .group         0x00000000        0xc ./src/usb.o
 .group         0x00000000        0xc ./src/usb.o
 .group         0x00000000        0xc ./src/usb.o
 .group         0x00000000        0xc ./src/usb.o
 .group         0x00000000        0xc ./src/usb.o
 .group         0x00000000        0xc ./src/usb.o
 .group         0x00000000        0xc ./src/usb.o
 .group         0x00000000        0xc ./src/usb.o
 .group         0x00000000        0xc ./src/usb.o
 .group         0x00000000        0xc ./src/usb.o
 .group         0x00000000        0xc ./src/usb.o
 .group         0x00000000        0xc ./src/usb.o
 .group         0x00000000        0xc ./src/usb.o
 .group         0x00000000        0xc ./src/usb.o
 .group         0x00000000        0xc ./src/usb.o
 .group         0x00000000        0xc ./src/usb.o
 .group         0x00000000        0xc ./src/usb.o
 .group         0x00000000        0xc ./src/usb.o
 .group         0x00000000        0xc ./src/usb.o
 .group         0x00000000        0xc ./src/usb.o
 .group         0x00000000        0xc ./src/usb.o
 .debug_macro   0x00000000      0xa72 ./src/usb.o
 .debug_macro   0x00000000       0x2f ./src/usb.o
 .debug_macro   0x00000000       0x22 ./src/usb.o
 .debug_macro   0x00000000       0x56 ./src/usb.o
 .debug_macro   0x00000000       0x51 ./src/usb.o
 .debug_macro   0x00000000      0x103 ./src/usb.o
 .debug_macro   0x00000000       0x6a ./src/usb.o
 .debug_macro   0x00000000      0x1df ./src/usb.o
 .debug_macro   0x00000000       0x1c ./src/usb.o
 .debug_macro   0x00000000       0x22 ./src/usb.o
 .debug_macro   0x00000000       0xfb ./src/usb.o
 .debug_macro   0x00000000     0x1011 ./src/usb.o
 .debug_macro   0x00000000      0x11f ./src/usb.o
 .debug_macro   0x00000000    0x15e97 ./src/usb.o
 .debug_macro   0x00000000       0x64 ./src/usb.o
 .debug_macro   0x00000000       0x18 ./src/usb.o
 .debug_macro   0x00000000       0x35 ./src/usb.o
 .debug_macro   0x00000000       0x34 ./src/usb.o
 .debug_macro   0x00000000       0x16 ./src/usb.o
 .debug_macro   0x00000000       0x97 ./src/usb.o
 .debug_macro   0x00000000      0x341 ./src/usb.o
 .debug_macro   0x00000000       0xfd ./src/usb.o
 .debug_macro   0x00000000       0x10 ./src/usb.o
 .debug_macro   0x00000000       0x16 ./src/usb.o
 .debug_macro   0x00000000       0x43 ./src/usb.o
 .debug_macro   0x00000000       0x34 ./src/usb.o
 .debug_macro   0x00000000       0x10 ./src/usb.o
 .debug_macro   0x00000000       0x58 ./src/usb.o
 .debug_macro   0x00000000      0x182 ./src/usb.o
 .debug_macro   0x00000000       0xbe ./src/usb.o
 .debug_macro   0x00000000       0x16 ./src/usb.o
 .debug_macro   0x00000000      0x129 ./src/usb.o
 .debug_macro   0x00000000       0x10 ./src/usb.o
 .debug_macro   0x00000000       0x4c ./src/usb.o
 .debug_macro   0x00000000      0x261 ./src/usb.o
 .debug_macro   0x00000000      0x130 ./src/usb.o
 .debug_macro   0x00000000      0x124 ./src/usb.o
 .debug_macro   0x00000000       0x35 ./src/usb.o
 .group         0x00000000        0xc ./src/usbd.o
 .group         0x00000000        0xc ./src/usbd.o
 .group         0x00000000        0xc ./src/usbd.o
 .group         0x00000000        0xc ./src/usbd.o
 .group         0x00000000        0xc ./src/usbd.o
 .group         0x00000000        0xc ./src/usbd.o
 .group         0x00000000        0xc ./src/usbd.o
 .group         0x00000000        0xc ./src/usbd.o
 .group         0x00000000        0xc ./src/usbd.o
 .group         0x00000000        0xc ./src/usbd.o
 .group         0x00000000        0xc ./src/usbd.o
 .group         0x00000000        0xc ./src/usbd.o
 .group         0x00000000        0xc ./src/usbd.o
 .group         0x00000000        0xc ./src/usbd.o
 .group         0x00000000        0xc ./src/usbd.o
 .group         0x00000000        0xc ./src/usbd.o
 .group         0x00000000        0xc ./src/usbd.o
 .group         0x00000000        0xc ./src/usbd.o
 .group         0x00000000        0xc ./src/usbd.o
 .group         0x00000000        0xc ./src/usbd.o
 .group         0x00000000        0xc ./src/usbd.o
 .group         0x00000000        0xc ./src/usbd.o
 .group         0x00000000        0xc ./src/usbd.o
 .group         0x00000000        0xc ./src/usbd.o
 .group         0x00000000        0xc ./src/usbd.o
 .group         0x00000000        0xc ./src/usbd.o
 .group         0x00000000        0xc ./src/usbd.o
 .group         0x00000000        0xc ./src/usbd.o
 .group         0x00000000        0xc ./src/usbd.o
 .group         0x00000000        0xc ./src/usbd.o
 .group         0x00000000        0xc ./src/usbd.o
 .group         0x00000000        0xc ./src/usbd.o
 .group         0x00000000        0xc ./src/usbd.o
 .group         0x00000000        0xc ./src/usbd.o
 .debug_macro   0x00000000      0xa72 ./src/usbd.o
 .debug_macro   0x00000000       0x2f ./src/usbd.o
 .debug_macro   0x00000000       0x22 ./src/usbd.o
 .debug_macro   0x00000000       0x56 ./src/usbd.o
 .debug_macro   0x00000000       0x51 ./src/usbd.o
 .debug_macro   0x00000000      0x103 ./src/usbd.o
 .debug_macro   0x00000000       0x6a ./src/usbd.o
 .debug_macro   0x00000000      0x1df ./src/usbd.o
 .debug_macro   0x00000000       0x1c ./src/usbd.o
 .debug_macro   0x00000000       0x22 ./src/usbd.o
 .debug_macro   0x00000000       0xfb ./src/usbd.o
 .debug_macro   0x00000000     0x1011 ./src/usbd.o
 .debug_macro   0x00000000      0x11f ./src/usbd.o
 .debug_macro   0x00000000    0x15e97 ./src/usbd.o
 .debug_macro   0x00000000       0x64 ./src/usbd.o
 .debug_macro   0x00000000       0x18 ./src/usbd.o
 .debug_macro   0x00000000       0x35 ./src/usbd.o
 .debug_macro   0x00000000       0x34 ./src/usbd.o
 .debug_macro   0x00000000       0x16 ./src/usbd.o
 .debug_macro   0x00000000       0x97 ./src/usbd.o
 .debug_macro   0x00000000      0x341 ./src/usbd.o
 .debug_macro   0x00000000       0xfd ./src/usbd.o
 .debug_macro   0x00000000       0x10 ./src/usbd.o
 .debug_macro   0x00000000       0x16 ./src/usbd.o
 .debug_macro   0x00000000       0x43 ./src/usbd.o
 .debug_macro   0x00000000       0x34 ./src/usbd.o
 .debug_macro   0x00000000       0x10 ./src/usbd.o
 .debug_macro   0x00000000       0x58 ./src/usbd.o
 .debug_macro   0x00000000      0x182 ./src/usbd.o
 .debug_macro   0x00000000       0xbe ./src/usbd.o
 .debug_macro   0x00000000       0x16 ./src/usbd.o
 .debug_macro   0x00000000      0x129 ./src/usbd.o
 .debug_macro   0x00000000       0x10 ./src/usbd.o
 .debug_macro   0x00000000      0x261 ./src/usbd.o
 .group         0x00000000        0xc ./src/usbd_hid.o
 .group         0x00000000        0xc ./src/usbd_hid.o
 .group         0x00000000        0xc ./src/usbd_hid.o
 .group         0x00000000        0xc ./src/usbd_hid.o
 .group         0x00000000        0xc ./src/usbd_hid.o
 .group         0x00000000        0xc ./src/usbd_hid.o
 .group         0x00000000        0xc ./src/usbd_hid.o
 .group         0x00000000        0xc ./src/usbd_hid.o
 .group         0x00000000        0xc ./src/usbd_hid.o
 .group         0x00000000        0xc ./src/usbd_hid.o
 .group         0x00000000        0xc ./src/usbd_hid.o
 .group         0x00000000        0xc ./src/usbd_hid.o
 .group         0x00000000        0xc ./src/usbd_hid.o
 .group         0x00000000        0xc ./src/usbd_hid.o
 .group         0x00000000        0xc ./src/usbd_hid.o
 .group         0x00000000        0xc ./src/usbd_hid.o
 .group         0x00000000        0xc ./src/usbd_hid.o
 .group         0x00000000        0xc ./src/usbd_hid.o
 .group         0x00000000        0xc ./src/usbd_hid.o
 .group         0x00000000        0xc ./src/usbd_hid.o
 .group         0x00000000        0xc ./src/usbd_hid.o
 .group         0x00000000        0xc ./src/usbd_hid.o
 .group         0x00000000        0xc ./src/usbd_hid.o
 .group         0x00000000        0xc ./src/usbd_hid.o
 .group         0x00000000        0xc ./src/usbd_hid.o
 .group         0x00000000        0xc ./src/usbd_hid.o
 .group         0x00000000        0xc ./src/usbd_hid.o
 .group         0x00000000        0xc ./src/usbd_hid.o
 .bss           0x00000000        0x0 ./src/usbd_hid.o
 .debug_macro   0x00000000      0xa72 ./src/usbd_hid.o
 .debug_macro   0x00000000       0x22 ./src/usbd_hid.o
 .debug_macro   0x00000000       0x5e ./src/usbd_hid.o
 .debug_macro   0x00000000       0x18 ./src/usbd_hid.o
 .debug_macro   0x00000000       0x5c ./src/usbd_hid.o
 .debug_macro   0x00000000       0x35 ./src/usbd_hid.o
 .debug_macro   0x00000000       0x34 ./src/usbd_hid.o
 .debug_macro   0x00000000       0x16 ./src/usbd_hid.o
 .debug_macro   0x00000000       0x57 ./src/usbd_hid.o
 .debug_macro   0x00000000       0x97 ./src/usbd_hid.o
 .debug_macro   0x00000000      0x341 ./src/usbd_hid.o
 .debug_macro   0x00000000       0xfd ./src/usbd_hid.o
 .debug_macro   0x00000000       0x10 ./src/usbd_hid.o
 .debug_macro   0x00000000       0x16 ./src/usbd_hid.o
 .debug_macro   0x00000000       0x43 ./src/usbd_hid.o
 .debug_macro   0x00000000       0x34 ./src/usbd_hid.o
 .debug_macro   0x00000000       0x10 ./src/usbd_hid.o
 .debug_macro   0x00000000       0x58 ./src/usbd_hid.o
 .debug_macro   0x00000000      0x182 ./src/usbd_hid.o
 .debug_macro   0x00000000       0x10 ./src/usbd_hid.o
 .debug_macro   0x00000000       0x6a ./src/usbd_hid.o
 .debug_macro   0x00000000       0xb2 ./src/usbd_hid.o
 .debug_macro   0x00000000       0x16 ./src/usbd_hid.o
 .debug_macro   0x00000000      0x129 ./src/usbd_hid.o
 .debug_macro   0x00000000      0x103 ./src/usbd_hid.o
 .debug_macro   0x00000000      0x1df ./src/usbd_hid.o
 .debug_macro   0x00000000       0x10 ./src/usbd_hid.o
 .debug_macro   0x00000000       0x4c ./src/usbd_hid.o

Memory Configuration

Name             Origin             Length             Attributes
FLASH            0x08000000         0x00020000         xr
RAM              0x20000000         0x00005000         xrw
*default*        0x00000000         0xffffffff

Linker script and memory map

LOAD ./system/src/cmsis/startup.o
LOAD ./system/src/cmsis/system_stm32f4xx.o
LOAD ./src/App.o
LOAD ./src/SystemInit.o
LOAD ./src/gpio.o
LOAD ./src/main.o
LOAD ./src/rcc.o
LOAD ./src/uart.o
LOAD ./src/usb.o
LOAD ./src/usbd.o
LOAD ./src/usbd_hid.o
START GROUP
LOAD c:/program files (x86)/gnu arm embedded toolchain/10 2021.10/bin/../lib/gcc/arm-none-eabi/10.3.1\libgcc.a
LOAD c:/program files (x86)/gnu arm embedded toolchain/10 2021.10/bin/../lib/gcc/arm-none-eabi/10.3.1/../../../../arm-none-eabi/lib\libc.a
END GROUP
START GROUP
LOAD c:/program files (x86)/gnu arm embedded toolchain/10 2021.10/bin/../lib/gcc/arm-none-eabi/10.3.1\libgcc.a
LOAD c:/program files (x86)/gnu arm embedded toolchain/10 2021.10/bin/../lib/gcc/arm-none-eabi/10.3.1/../../../../arm-none-eabi/lib\libc.a
LOAD c:/program files (x86)/gnu arm embedded toolchain/10 2021.10/bin/../lib/gcc/arm-none-eabi/10.3.1/../../../../arm-none-eabi/lib\libnosys.a
END GROUP
                0x20005000                __stack = (ORIGIN (RAM) + LENGTH (RAM))
                0x20005000                _estack = __stack
                0x00000400                __Main_Stack_Size = 0x400
                [!provide]                PROVIDE (_Main_Stack_Size = __Main_Stack_Size)
                0x20004c00                __Main_Stack_Limit = (__stack - __Main_Stack_Size)
                0x00000100                __Minimum_Stack_Size = 0x100
                [!provide]                PROVIDE (_Heap_Begin = _sheap)
                [!provide]                PROVIDE (_Heap_Limit = (__stack - __Main_Stack_Size))

.isr_vector     0x08000000      0x188
 FILL mask 0xff
 *(.isr_vector)
 .isr_vector    0x08000000      0x188 ./system/src/cmsis/startup.o
                0x08000000                g_pfnVectors

.text           0x08000188     0x4eda
 *(.text .text.*)
 .text.Reset_Handler
                0x08000188       0x48 ./system/src/cmsis/startup.o
                0x08000188                Reset_Handler
 .text.Default_Handler
                0x080001d0        0x2 ./system/src/cmsis/startup.o
                0x080001d0                RTC_Alarm_IRQHandler
                0x080001d0                HASH_RNG_IRQHandler
                0x080001d0                TIM8_CC_IRQHandler
                0x080001d0                DebugMon_Handler
                0x080001d0                TIM1_CC_IRQHandler
                0x080001d0                DMA2_Stream5_IRQHandler
                0x080001d0                HardFault_Handler
                0x080001d0                DMA1_Stream5_IRQHandler
                0x080001d0                SysTick_Handler
                0x080001d0                PVD_IRQHandler
                0x080001d0                SDIO_IRQHandler
                0x080001d0                TAMP_STAMP_IRQHandler
                0x080001d0                PendSV_Handler
                0x080001d0                NMI_Handler
                0x080001d0                CAN2_RX1_IRQHandler
                0x080001d0                TIM8_TRG_COM_TIM14_IRQHandler
                0x080001d0                TIM1_UP_TIM10_IRQHandler
                0x080001d0                TIM8_UP_TIM13_IRQHandler
                0x080001d0                I2C3_ER_IRQHandler
                0x080001d0                I2C2_EV_IRQHandler
                0x080001d0                DMA1_Stream2_IRQHandler
                0x080001d0                CAN1_RX0_IRQHandler
                0x080001d0                FPU_IRQHandler
                0x080001d0                OTG_HS_WKUP_IRQHandler
                0x080001d0                UsageFault_Handler
                0x080001d0                CAN2_SCE_IRQHandler
                0x080001d0                DMA2_Stream2_IRQHandler
                0x080001d0                SPI1_IRQHandler
                0x080001d0                TIM6_DAC_IRQHandler
                0x080001d0                TIM1_BRK_TIM9_IRQHandler
                0x080001d0                DCMI_IRQHandler
                0x080001d0                CAN2_RX0_IRQHandler
                0x080001d0                DMA2_Stream3_IRQHandler
                0x080001d0                USART6_IRQHandler
                0x080001d0                USART3_IRQHandler
                0x080001d0                CAN1_RX1_IRQHandler
                0x080001d0                UART5_IRQHandler
                0x080001d0                DMA2_Stream0_IRQHandler
                0x080001d0                TIM4_IRQHandler
                0x080001d0                I2C1_EV_IRQHandler
                0x080001d0                DMA1_Stream6_IRQHandler
                0x080001d0                DMA1_Stream1_IRQHandler
                0x080001d0                UART4_IRQHandler
                0x080001d0                TIM3_IRQHandler
                0x080001d0                RCC_IRQHandler
                0x080001d0                TIM8_BRK_TIM12_IRQHandler
                0x080001d0                Default_Handler
                0x080001d0                ADC_IRQHandler
                0x080001d0                DMA1_Stream7_IRQHandler
                0x080001d0                TIM7_IRQHandler
                0x080001d0                CAN2_TX_IRQHandler
                0x080001d0                TIM5_IRQHandler
                0x080001d0                DMA2_Stream7_IRQHandler
                0x080001d0                I2C3_EV_IRQHandler
                0x080001d0                RTC_WKUP_IRQHandler
                0x080001d0                ETH_WKUP_IRQHandler
                0x080001d0                SPI2_IRQHandler
                0x080001d0                OTG_HS_EP1_IN_IRQHandler
                0x080001d0                MemManage_Handler
                0x080001d0                DMA1_Stream0_IRQHandler
                0x080001d0                CAN1_TX_IRQHandler
                0x080001d0                SVC_Handler
                0x080001d0                FSMC_IRQHandler
                0x080001d0                ETH_IRQHandler
                0x080001d0                OTG_HS_EP1_OUT_IRQHandler
                0x080001d0                WWDG_IRQHandler
                0x080001d0                TIM2_IRQHandler
                0x080001d0                OTG_FS_WKUP_IRQHandler
                0x080001d0                TIM1_TRG_COM_TIM11_IRQHandler
                0x080001d0                OTG_HS_IRQHandler
                0x080001d0                I2C2_ER_IRQHandler
                0x080001d0                DMA2_Stream1_IRQHandler
                0x080001d0                CAN1_SCE_IRQHandler
                0x080001d0                FLASH_IRQHandler
                0x080001d0                DMA2_Stream4_IRQHandler
                0x080001d0                BusFault_Handler
                0x080001d0                USART1_IRQHandler
                0x080001d0                SPI3_IRQHandler
                0x080001d0                DMA1_Stream4_IRQHandler
                0x080001d0                I2C1_ER_IRQHandler
                0x080001d0                DMA2_Stream6_IRQHandler
                0x080001d0                DMA1_Stream3_IRQHandler
 *fill*         0x080001d2        0x2 
 .text          0x080001d4      0x998 ./src/App.o
                0x080003d8                Exti_Init
                0x08000744                Input_Init
                0x080007ac                InputPolling
                0x08000920                EXTI0_IRQHandler
                0x08000948                EXTI1_IRQHandler
                0x08000970                EXTI2_IRQHandler
                0x08000998                EXTI3_IRQHandler
                0x080009c0                EXTI4_IRQHandler
                0x080009e8                EXTI9_5_IRQHandler
                0x08000a98                EXTI15_10_IRQHandler
 .text          0x08000b6c      0x11c ./src/SystemInit.o
                0x08000b6c                SystemClockConfig
 .text          0x08000c88      0x2f0 ./src/gpio.o
                0x08000c88                Gpio_Init
                0x08000f40                Gpio_Read
 .text          0x08000f78       0xb8 ./src/main.o
                0x08000f78                main
                0x08000fc4                OTG_FS_IRQHandler
                0x08000fd0                USART2_IRQHandler
 .text          0x08001030      0x100 ./src/rcc.o
                0x08001030                RCC_ReadClock
 .text          0x08001130      0x9e0 ./src/uart.o
                0x0800159c                Uart_Init
                0x080016ac                Uart_Read
                0x0800177c                Uart_Write
                0x08001884                Uart_Write_Inst
                0x080018dc                Uart_Read_Inst
                0x08001920                Uart_EnableInterrupt
                0x08001a64                Uart_IRQHandler
 .text          0x08001b10     0x31a8 ./src/usb.o
                0x0800427c                Usb_FS_Init
                0x080042a4                Usb_FS_SendReport
                0x0800433c                USB_FS_IRQHandler
                0x08004948                Helper_CopyByte
                0x0800498c                Usb_FS_EP_ActivateAll
                0x08004c0e                Usb_FS_EP_DeactivateAll
 .text          0x08004cb8      0x2e4 ./src/usbd.o
                0x08004e6c                GetFSDeviceDescriptor
                0x08004e8c                GetFSDeviceQualifierDescriptor
                0x08004eac                GetFSConfigDescriptor
                0x08004ecc                GetFSLangIdStringDescriptor
                0x08004eec                GetFSMfcIdStringDescriptor
                0x08004f10                GetFSPdcIdStringDescriptor
                0x08004f34                GetFSSerialStringDescriptor
                0x08004f54                GetFSConfigStringDescriptor
                0x08004f78                GetFSInterfaceStringDescriptor
 .text          0x08004f9c       0x20 ./src/usbd_hid.o
                0x08004f9c                GetFSReportDescriptor
 *(.rodata .rodata.* .constdata .constdata.*)
 .rodata        0x08004fbc        0xe ./src/App.o
 *fill*         0x08004fca        0x2 
 .rodata        0x08004fcc       0x10 ./src/main.o
 .rodata        0x08004fdc       0x1e ./src/uart.o
 *fill*         0x08004ffa        0x2 
 .rodata        0x08004ffc       0x1e ./src/usb.o
 *fill*         0x0800501a        0x2 
 .rodata        0x0800501c       0x46 ./src/usbd.o
 *(vtable)
                0x08005064                _sidata = LOADADDR (.data)

.glue_7         0x08005064        0x0
 .glue_7        0x08005064        0x0 linker stubs

.glue_7t        0x08005064        0x0
 .glue_7t       0x08005064        0x0 linker stubs

.vfp11_veneer   0x08005064        0x0
 .vfp11_veneer  0x08005064        0x0 linker stubs

.v4_bx          0x08005064        0x0
 .v4_bx         0x08005064        0x0 linker stubs

.iplt           0x08005064        0x0
 .iplt          0x08005064        0x0 ./system/src/cmsis/startup.o

.rel.dyn        0x08005064        0x0
 .rel.iplt      0x08005064        0x0 ./system/src/cmsis/startup.o

.data           0x20000000      0x3a4 load address 0x08005064
                0x20000000                _sdata = .
 *(.data .data.*)
 .data          0x20000000      0x270 ./src/App.o
                0x20000000                Exti_Array
                0x200000c0                Input_Array
 .data          0x20000270       0x10 ./src/rcc.o
                0x20000270                Prescaler_AHB
                0x20000278                Prescaler_APB
 .data          0x20000280       0x98 ./src/usb.o
                0x20000280                USB_FS
 .data          0x20000318       0x4c ./src/usbd.o
                0x20000318                FSDeviceDescriptor
                0x2000032c                FSDeviceQualifierDescriptor
                0x20000338                FSConfigurationDescriptor
                0x2000035c                FSConfigurationDescriptorArray
                0x20000360                FSLangIdStringDescriptor
 .data          0x20000364       0x3f ./src/usbd_hid.o
                0x20000364                FSReportDescriptor
                0x200003a4                . = ALIGN (0x4)
 *fill*         0x200003a3        0x1 
                0x200003a4                _edata = .

.igot.plt       0x200003a4        0x0 load address 0x08005408
 .igot.plt      0x200003a4        0x0 ./system/src/cmsis/startup.o

.bss            0x200003a4      0xc94 load address 0x08005408
                0x200003a4                __bss_start__ = .
                0x200003a4                _sbss = .
 *(.bss .bss.*)
 .bss           0x200003a4      0x33c ./src/App.o
                0x200003a4                InputArray
                0x200003b4                USB_buffer
                0x200003bc                dbg_USBBuffer
                0x200006dc                ibf
 .bss           0x200006e0       0x24 ./src/uart.o
                0x200006e0                readData
                0x20000700                DataReceived_flag
 .bss           0x20000704      0x731 ./src/usb.o
                0x20000704                inputArray
                0x2000070c                pending_RX
                0x2000070d                resetReceived
                0x2000070e                enumReceived
                0x20000710                TX_Ready
                0x20000714                XFER_Completed_In
                0x20000718                XFER_Completed_Out
                0x2000071c                SetUpRX_Completed
                0x20000720                arrDbgFlw
                0x20000b08                idd
                0x20000b0c                debug_setCfg
                0x20000b10                dbgArrRead
                0x20000ca0                arr_dbgArr
                0x20000e30                dbg_idx
 *fill*         0x20000e35        0x3 
 .bss           0x20000e38      0x200 ./src/usbd.o
                0x20000e38                USB_StringUnicode
                0x20001038                . = ALIGN (0x4)
                0x20001038                _ebss = .
                0x20001038                __bss_end__ = .
                0x20001038                _sheap = .
OUTPUT(Project_USB_CrossCompile.elf elf32-littlearm)
LOAD linker stubs

.ARM.attributes
                0x00000000       0x2f
 .ARM.attributes
                0x00000000       0x21 ./system/src/cmsis/startup.o
 .ARM.attributes
                0x00000021       0x2e ./src/App.o
 .ARM.attributes
                0x0000004f       0x2e ./src/SystemInit.o
 .ARM.attributes
                0x0000007d       0x2e ./src/gpio.o
 .ARM.attributes
                0x000000ab       0x2e ./src/main.o
 .ARM.attributes
                0x000000d9       0x2e ./src/rcc.o
 .ARM.attributes
                0x00000107       0x2e ./src/uart.o
 .ARM.attributes
                0x00000135       0x2e ./src/usb.o
 .ARM.attributes
                0x00000163       0x2e ./src/usbd.o
 .ARM.attributes
                0x00000191       0x2e ./src/usbd_hid.o

.comment        0x00000000       0x49
 .comment       0x00000000       0x49 ./src/App.o
                                 0x4a (size before relaxing)
 .comment       0x00000049       0x4a ./src/SystemInit.o
 .comment       0x00000049       0x4a ./src/gpio.o
 .comment       0x00000049       0x4a ./src/main.o
 .comment       0x00000049       0x4a ./src/rcc.o
 .comment       0x00000049       0x4a ./src/uart.o
 .comment       0x00000049       0x4a ./src/usb.o
 .comment       0x00000049       0x4a ./src/usbd.o
 .comment       0x00000049       0x4a ./src/usbd_hid.o

.debug_info     0x00000000     0x5d12
 .debug_info    0x00000000      0xeee ./src/App.o
 .debug_info    0x00000eee      0x345 ./src/SystemInit.o
 .debug_info    0x00001233      0x44d ./src/gpio.o
 .debug_info    0x00001680      0xb18 ./src/main.o
 .debug_info    0x00002198      0x369 ./src/rcc.o
 .debug_info    0x00002501      0xdec ./src/uart.o
 .debug_info    0x000032ed     0x2276 ./src/usb.o
 .debug_info    0x00005563      0x6c1 ./src/usbd.o
 .debug_info    0x00005c24       0xee ./src/usbd_hid.o

.debug_abbrev   0x00000000      0xf91
 .debug_abbrev  0x00000000      0x2a7 ./src/App.o
 .debug_abbrev  0x000002a7       0xe0 ./src/SystemInit.o
 .debug_abbrev  0x00000387      0x132 ./src/gpio.o
 .debug_abbrev  0x000004b9      0x1bd ./src/main.o
 .debug_abbrev  0x00000676      0x138 ./src/rcc.o
 .debug_abbrev  0x000007ae      0x27c ./src/uart.o
 .debug_abbrev  0x00000a2a      0x349 ./src/usb.o
 .debug_abbrev  0x00000d73      0x185 ./src/usbd.o
 .debug_abbrev  0x00000ef8       0x99 ./src/usbd_hid.o

.debug_aranges  0x00000000      0x120
 .debug_aranges
                0x00000000       0x20 ./src/App.o
 .debug_aranges
                0x00000020       0x20 ./src/SystemInit.o
 .debug_aranges
                0x00000040       0x20 ./src/gpio.o
 .debug_aranges
                0x00000060       0x20 ./src/main.o
 .debug_aranges
                0x00000080       0x20 ./src/rcc.o
 .debug_aranges
                0x000000a0       0x20 ./src/uart.o
 .debug_aranges
                0x000000c0       0x20 ./src/usb.o
 .debug_aranges
                0x000000e0       0x20 ./src/usbd.o
 .debug_aranges
                0x00000100       0x20 ./src/usbd_hid.o

.debug_macro    0x00000000     0x254e
 .debug_macro   0x00000000      0x1d3 ./src/App.o
 .debug_macro   0x000001d3       0x64 ./src/App.o
 .debug_macro   0x00000237       0x18 ./src/App.o
 .debug_macro   0x0000024f       0x35 ./src/App.o
 .debug_macro   0x00000284       0x34 ./src/App.o
 .debug_macro   0x000002b8       0x16 ./src/App.o
 .debug_macro   0x000002ce       0x97 ./src/App.o
 .debug_macro   0x00000365      0x341 ./src/App.o
 .debug_macro   0x000006a6       0xfd ./src/App.o
 .debug_macro   0x000007a3       0x10 ./src/App.o
 .debug_macro   0x000007b3       0x16 ./src/App.o
 .debug_macro   0x000007c9       0x43 ./src/App.o
 .debug_macro   0x0000080c       0x34 ./src/App.o
 .debug_macro   0x00000840       0x10 ./src/App.o
 .debug_macro   0x00000850       0x58 ./src/App.o
 .debug_macro   0x000008a8      0x182 ./src/App.o
 .debug_macro   0x00000a2a       0xbe ./src/App.o
 .debug_macro   0x00000ae8       0x16 ./src/App.o
 .debug_macro   0x00000afe      0x129 ./src/App.o
 .debug_macro   0x00000c27       0x10 ./src/App.o
 .debug_macro   0x00000c37      0x124 ./src/App.o
 .debug_macro   0x00000d5b       0x10 ./src/App.o
 .debug_macro   0x00000d6b      0x1ba ./src/SystemInit.o
 .debug_macro   0x00000f25      0x11e ./src/SystemInit.o
 .debug_macro   0x00001043      0x1ba ./src/gpio.o
 .debug_macro   0x000011fd      0x28c ./src/main.o
 .debug_macro   0x00001489       0x5e ./src/main.o
 .debug_macro   0x000014e7       0x5c ./src/main.o
 .debug_macro   0x00001543       0x57 ./src/main.o
 .debug_macro   0x0000159a       0x10 ./src/main.o
 .debug_macro   0x000015aa       0xb2 ./src/main.o
 .debug_macro   0x0000165c       0x16 ./src/main.o
 .debug_macro   0x00001672       0x35 ./src/main.o
 .debug_macro   0x000016a7       0x22 ./src/main.o
 .debug_macro   0x000016c9      0x1a8 ./src/main.o
 .debug_macro   0x00001871       0x4c ./src/main.o
 .debug_macro   0x000018bd      0x261 ./src/main.o
 .debug_macro   0x00001b1e      0x130 ./src/main.o
 .debug_macro   0x00001c4e      0x1c2 ./src/rcc.o
 .debug_macro   0x00001e10      0x1ec ./src/uart.o
 .debug_macro   0x00001ffc      0x219 ./src/usb.o
 .debug_macro   0x00002215       0x16 ./src/usb.o
 .debug_macro   0x0000222b      0x1c0 ./src/usbd.o
 .debug_macro   0x000023eb      0x163 ./src/usbd_hid.o

.debug_line     0x00000000     0x4f84
 .debug_line    0x00000000      0x7ce ./src/App.o
 .debug_line    0x000007ce      0x531 ./src/SystemInit.o
 .debug_line    0x00000cff      0x5c7 ./src/gpio.o
 .debug_line    0x000012c6      0x52f ./src/main.o
 .debug_line    0x000017f5      0x4c3 ./src/rcc.o
 .debug_line    0x00001cb8      0x911 ./src/uart.o
 .debug_line    0x000025c9     0x20c3 ./src/usb.o
 .debug_line    0x0000468c      0x5aa ./src/usbd.o
 .debug_line    0x00004c36      0x34e ./src/usbd_hid.o

.debug_str      0x00000000    0x8f171
 .debug_str     0x00000000    0x8b828 ./src/App.o
                              0x8ba63 (size before relaxing)
 .debug_str     0x0008b828      0x4a8 ./src/SystemInit.o
                              0x8b17d (size before relaxing)
 .debug_str     0x0008bcd0       0x4f ./src/gpio.o
                              0x8b0e5 (size before relaxing)
 .debug_str     0x0008bd1f     0x2b87 ./src/main.o
                              0x8deda (size before relaxing)
 .debug_str     0x0008e8a6       0x64 ./src/rcc.o
                              0x8b142 (size before relaxing)
 .debug_str     0x0008e90a      0x1d0 ./src/uart.o
                              0x8c122 (size before relaxing)
 .debug_str     0x0008eada      0x4d8 ./src/usb.o
                              0x8d934 (size before relaxing)
 .debug_str     0x0008efb2      0x197 ./src/usbd.o
                              0x8bbe3 (size before relaxing)
 .debug_str     0x0008f149       0x28 ./src/usbd_hid.o
                               0x6eb3 (size before relaxing)

.debug_frame    0x00000000      0xcb4
 .debug_frame   0x00000000      0x224 ./src/App.o
 .debug_frame   0x00000224       0x3c ./src/SystemInit.o
 .debug_frame   0x00000260       0x84 ./src/gpio.o
 .debug_frame   0x000002e4       0x90 ./src/main.o
 .debug_frame   0x00000374       0x38 ./src/rcc.o
 .debug_frame   0x000003ac      0x1fc ./src/uart.o
 .debug_frame   0x000005a8      0x4d8 ./src/usb.o
 .debug_frame   0x00000a80      0x1fc ./src/usbd.o
 .debug_frame   0x00000c7c       0x38 ./src/usbd_hid.o

.debug_ranges   0x00000000       0x78
 .debug_ranges  0x00000000       0x78 ./src/usb.o
