   1              		.cpu cortex-m4
   2              		.arch armv7e-m
   3              		.fpu softvfp
   4              		.eabi_attribute 20, 1
   5              		.eabi_attribute 21, 1
   6              		.eabi_attribute 23, 3
   7              		.eabi_attribute 24, 1
   8              		.eabi_attribute 25, 1
   9              		.eabi_attribute 26, 1
  10              		.eabi_attribute 30, 6
  11              		.eabi_attribute 34, 1
  12              		.eabi_attribute 18, 4
  13              		.file	"usbd.c"
  14              		.text
  15              	.Ltext0:
  16              		.cfi_sections	.debug_frame
  17              		.global	USB_StringUnicode
  18              		.bss
  19              		.align	2
  22              	USB_StringUnicode:
  23 0000 00000000 		.space	512
  23      00000000 
  23      00000000 
  23      00000000 
  23      00000000 
  24              		.global	FSDeviceDescriptor
  25              		.data
  26              		.align	2
  29              	FSDeviceDescriptor:
  30 0000 12010002 		.ascii	"\022\001\000\002\000\000\000@\203\004+W\000\002\000"
  30      00000040 
  30      83042B57 
  30      000200
  31 000f 000001   		.ascii	"\000\000\001"
  32              		.global	FSDeviceQualifierDescriptor
  33 0012 0000     		.align	2
  36              	FSDeviceQualifierDescriptor:
  37 0014 0A060002 		.ascii	"\012\006\000\002\000\000\000@\001\000"
  37      00000040 
  37      0100
  38              		.global	FSConfigurationDescriptor
  39 001e 0000     		.align	2
  42              	FSConfigurationDescriptor:
  43 0020 09       		.byte	9
  44 0021 02       		.byte	2
  45 0022 2200     		.ascii	"\"\000"
  46 0024 01       		.byte	1
  47 0025 01       		.byte	1
  48 0026 00       		.byte	0
  49 0027 E0       		.byte	-32
  50 0028 32       		.byte	50
  51 0029 09       		.byte	9
  52 002a 04       		.byte	4
  53 002b 00       		.byte	0
  54 002c 00       		.byte	0
  55 002d 01       		.byte	1
  56 002e 03       		.byte	3
  57 002f 00       		.byte	0
  58 0030 01       		.byte	1
  59 0031 00       		.byte	0
  60 0032 09       		.byte	9
  61 0033 21       		.byte	33
  62 0034 1101     		.ascii	"\021\001"
  63 0036 00       		.byte	0
  64 0037 01       		.byte	1
  65 0038 22       		.byte	34
  66 0039 3F00     		.ascii	"?\000"
  67 003b 07       		.byte	7
  68 003c 05       		.byte	5
  69 003d 81       		.byte	-127
  70 003e 03       		.byte	3
  71 003f 4000     		.ascii	"@\000"
  72 0041 0A       		.byte	10
  73              		.global	FSConfigurationDescriptorArray
  74 0042 0000     		.align	2
  77              	FSConfigurationDescriptorArray:
  78 0044 00000000 		.word	FSConfigurationDescriptor
  79              		.global	FSLangIdStringDescriptor
  80              		.align	2
  83              	FSLangIdStringDescriptor:
  84 0048 04030904 		.ascii	"\004\003\011\004"
  85              		.text
  86              		.align	1
  87              		.syntax unified
  88              		.thumb
  89              		.thumb_func
  91              	GetLen:
  92              	.LFB137:
  93              		.file 1 "../src/usbd.c"
   1:../src/usbd.c **** #include "usbd.h"
   2:../src/usbd.c **** 
   3:../src/usbd.c **** uint8 USB_StringUnicode[USBD_MAX_STR_DESC_SIZ] = {0};
   4:../src/usbd.c **** 
   5:../src/usbd.c **** uint8 FSDeviceDescriptor[18] =
   6:../src/usbd.c **** {
   7:../src/usbd.c **** 	0x12,		//		uint8 bLength;
   8:../src/usbd.c **** 	0x01,		//		uint8 bDescriptorType;
   9:../src/usbd.c **** 	0x00,		//		uint8 bcdUSB[0];
  10:../src/usbd.c **** 	0x02,		//		uint8 bcdUSB[1];
  11:../src/usbd.c **** 	0x00,		//		uint8 bDeviceClass;			0 means: Use class information in the Interface Descriptors
  12:../src/usbd.c **** 	0x00,		//		uint8 bDeviceSubClass;
  13:../src/usbd.c **** 	0x00,		//		uint8 bDeviceProtocol;
  14:../src/usbd.c **** 	0x40,		//		uint8 bMaxPacketSize0;
  15:../src/usbd.c **** 	0x83,		//		uint8 idVendor[0];	1155
  16:../src/usbd.c **** 	0x04,		//		uint8 idVendor[1];
  17:../src/usbd.c **** 	0x2B,		//		uint8 idProduct[0];	22315
  18:../src/usbd.c **** 	0x57,		//		uint8 idProduct[1];
  19:../src/usbd.c **** 	0x00,		//		uint8 bcdDevice[0];
  20:../src/usbd.c **** 	0x02,		//		uint8 bcdDevice[1];
  21:../src/usbd.c **** 	/*String descriptors are optional. As noted previously, if a device does not support string descri
  22:../src/usbd.c **** 	references to string descriptors within device, configuration, and interface descriptors must be r
  23:../src/usbd.c **** 	0,//USBD_IDX_MFC_STR,			//		uint8 iManufacter;			(0x01)
  24:../src/usbd.c **** 	0,//USBD_IDX_PRODUCT_STR,		//		uint8 iProduct;				(0x02)
  25:../src/usbd.c **** 	0,//USBD_IDX_SERIAL_STR,		//		uint8 iSerialNumber;		(0x03)
  26:../src/usbd.c **** 	0x01		//		uint8 bNumConfigurations;
  27:../src/usbd.c **** };
  28:../src/usbd.c **** 
  29:../src/usbd.c **** uint8 FSDeviceQualifierDescriptor[10] =
  30:../src/usbd.c **** {
  31:../src/usbd.c **** 	0x0A,							//uint8 bLength;
  32:../src/usbd.c **** 	DESC_DEVICE_QUALIFIER,			//uint8 bDescriptorType;
  33:../src/usbd.c **** 	0x00,							//uint8 bcdUSB[0];
  34:../src/usbd.c **** 	0x02,							//uint8 bcdUSB[1];
  35:../src/usbd.c **** 	0x00,							//uint8 bDeviceClass;
  36:../src/usbd.c **** 	0x00,							//uint8 bDeviceSubClass;
  37:../src/usbd.c **** 	0x00,							//uint8 bDeviceProtocol;
  38:../src/usbd.c **** 	0x40,							//uint8 bMaxPacketSize0;
  39:../src/usbd.c **** 	0x01,							//uint8 bNumConfigurations;
  40:../src/usbd.c **** 	0x00							//uint8 bReserved;
  41:../src/usbd.c **** };
  42:../src/usbd.c **** 
  43:../src/usbd.c **** FSConfigurationDescriptorType FSConfigurationDescriptor =
  44:../src/usbd.c **** {	//FSConfiguration
  45:../src/usbd.c ****    {0x09,					//	uint8 bLength;
  46:../src/usbd.c **** 	0x02,					//	uint8 bDescriptorType;
  47:../src/usbd.c ****    {0x22,					//	uint8 wTotalLength[0];
  48:../src/usbd.c **** 	0x00},					//	uint8 wTotalLength[1];
  49:../src/usbd.c **** 	0x01,					//	uint8 bNumInterfaces;
  50:../src/usbd.c **** 	0x01,					//	uint8 bConfigurationValue;
  51:../src/usbd.c **** 	0x00,					//	uint8 iConfiguration;
  52:../src/usbd.c **** 	SET_BM_ATTR(BP_YES,SP_YES,RW_YES),		//	uint8 bmAttributes;
  53:../src/usbd.c **** 	0x32},					//	uint8 bMaxPower;
  54:../src/usbd.c **** 	//FSInterface
  55:../src/usbd.c **** 	{0x09,					//	uint8 bLength;
  56:../src/usbd.c **** 	0x04,					//	uint8 bDescriptorType;
  57:../src/usbd.c **** 	0x00,					//	uint8 bInterfaceNumber;
  58:../src/usbd.c **** 	0x00,					//	uint8 bAlternateSetting;
  59:../src/usbd.c **** 	0x01,					//	uint8 bNumEndpoints;
  60:../src/usbd.c **** 	0x03,					//	uint8 bInterfaceClass;	 	0x03: HID (Human Interface Device)
  61:../src/usbd.c **** 	0x00,					//	uint8 bInterfaceSubClass;	0x01: Boot 0x00: No Boot
  62:../src/usbd.c **** 	0x01,					//	uint8 bInterfaceProtocol;	0x01: Keyboard
  63:../src/usbd.c **** 	0x00},					//	uint8 iInterface;
  64:../src/usbd.c **** 	//FSHid
  65:../src/usbd.c **** 	{0x09,					//	uint8 bLength;
  66:../src/usbd.c **** 	0x21,					//	uint8 bDescriptorType;		HID descriptor type (assigned by USB)
  67:../src/usbd.c **** 	{0x11,					//	uint8 bcdHID[0];
  68:../src/usbd.c **** 	0x01},					//	uint8 bcdHID[1];
  69:../src/usbd.c **** 	0x00,					//	uint8 bCountryCode;
  70:../src/usbd.c **** 	0x01,					//	uint8 bNumDescriptors;
  71:../src/usbd.c **** 	0x22,					//	uint8 bDescriptorType;		Report descriptor type
  72:../src/usbd.c **** 	{0x3F,					//	uint8 wDescriptorLength[0];
  73:../src/usbd.c **** 	0x00}},					//	uint8 wDescriptorLength[1];
  74:../src/usbd.c **** 	//FSEndpoint
  75:../src/usbd.c **** 	{0x07,					//	uint8 bLength;
  76:../src/usbd.c **** 	0x05,					//	uint8 bDescriptorType;
  77:../src/usbd.c **** 	ENDIN1,					//	uint8 bEndpointAddress;
  78:../src/usbd.c **** 	ATTR_INTERRUPT,			//	uint8 bmAttributes;
  79:../src/usbd.c **** 	{0x40,					//	uint8 wMaxPacketSize[0];
  80:../src/usbd.c **** 	0x00},					//	uint8 wMaxPacketSize[1];
  81:../src/usbd.c **** 	0x0A}					//	uint8 bInterval;
  82:../src/usbd.c **** };
  83:../src/usbd.c **** 
  84:../src/usbd.c **** FSConfigurationDescriptorType* FSConfigurationDescriptorArray[1] = {&FSConfigurationDescriptor};
  85:../src/usbd.c **** 
  86:../src/usbd.c **** 
  87:../src/usbd.c **** uint8 FSLangIdStringDescriptor[4] =
  88:../src/usbd.c **** {
  89:../src/usbd.c **** 	4U,								//bLength
  90:../src/usbd.c **** 	DESC_STRING,					//bDescriptorType
  91:../src/usbd.c **** 	(ENGLISH_USA & 0x00FF),			//LB_wLANGID[0]
  92:../src/usbd.c **** 	((ENGLISH_USA & 0xFF00) >> 8)	//HB_wLANGID[0]
  93:../src/usbd.c **** };
  94:../src/usbd.c **** 
  95:../src/usbd.c **** 
  96:../src/usbd.c **** static uint8 GetLen(uint8* str)
  97:../src/usbd.c **** {
  94              		.loc 1 97 1
  95              		.cfi_startproc
  96              		@ args = 0, pretend = 0, frame = 16
  97              		@ frame_needed = 1, uses_anonymous_args = 0
  98              		@ link register save eliminated.
  99 0000 80B4     		push	{r7}
 100              		.cfi_def_cfa_offset 4
 101              		.cfi_offset 7, -4
 102 0002 85B0     		sub	sp, sp, #20
 103              		.cfi_def_cfa_offset 24
 104 0004 00AF     		add	r7, sp, #0
 105              		.cfi_def_cfa_register 7
 106 0006 7860     		str	r0, [r7, #4]
  98:../src/usbd.c **** 	uint8 len = 0;
 107              		.loc 1 98 8
 108 0008 0023     		movs	r3, #0
 109 000a FB73     		strb	r3, [r7, #15]
  99:../src/usbd.c **** 
 100:../src/usbd.c **** 	while(str[len] != (uint8)'\0')
 110              		.loc 1 100 7
 111 000c 02E0     		b	.L2
 112              	.L3:
 101:../src/usbd.c **** 	{
 102:../src/usbd.c **** 		len++;
 113              		.loc 1 102 6
 114 000e FB7B     		ldrb	r3, [r7, #15]	@ zero_extendqisi2
 115 0010 0133     		adds	r3, r3, #1
 116 0012 FB73     		strb	r3, [r7, #15]
 117              	.L2:
 100:../src/usbd.c **** 	{
 118              		.loc 1 100 11
 119 0014 FB7B     		ldrb	r3, [r7, #15]	@ zero_extendqisi2
 120 0016 7A68     		ldr	r2, [r7, #4]
 121 0018 1344     		add	r3, r3, r2
 122 001a 1B78     		ldrb	r3, [r3]	@ zero_extendqisi2
 100:../src/usbd.c **** 	{
 123              		.loc 1 100 7
 124 001c 002B     		cmp	r3, #0
 125 001e F6D1     		bne	.L3
 103:../src/usbd.c **** 	}
 104:../src/usbd.c **** 
 105:../src/usbd.c **** 	return len;
 126              		.loc 1 105 9
 127 0020 FB7B     		ldrb	r3, [r7, #15]	@ zero_extendqisi2
 106:../src/usbd.c **** }
 128              		.loc 1 106 1
 129 0022 1846     		mov	r0, r3
 130 0024 1437     		adds	r7, r7, #20
 131              		.cfi_def_cfa_offset 4
 132 0026 BD46     		mov	sp, r7
 133              		.cfi_def_cfa_register 13
 134              		@ sp needed
 135 0028 80BC     		pop	{r7}
 136              		.cfi_restore 7
 137              		.cfi_def_cfa_offset 0
 138 002a 7047     		bx	lr
 139              		.cfi_endproc
 140              	.LFE137:
 142              		.align	1
 143              		.syntax unified
 144              		.thumb
 145              		.thumb_func
 147              	GetString:
 148              	.LFB138:
 107:../src/usbd.c **** 
 108:../src/usbd.c **** static void GetString(uint8* str, uint8* unicode, uint16* length)
 109:../src/usbd.c **** {
 149              		.loc 1 109 1
 150              		.cfi_startproc
 151              		@ args = 0, pretend = 0, frame = 24
 152              		@ frame_needed = 1, uses_anonymous_args = 0
 153 002c 80B5     		push	{r7, lr}
 154              		.cfi_def_cfa_offset 8
 155              		.cfi_offset 7, -8
 156              		.cfi_offset 14, -4
 157 002e 86B0     		sub	sp, sp, #24
 158              		.cfi_def_cfa_offset 32
 159 0030 00AF     		add	r7, sp, #0
 160              		.cfi_def_cfa_register 7
 161 0032 F860     		str	r0, [r7, #12]
 162 0034 B960     		str	r1, [r7, #8]
 163 0036 7A60     		str	r2, [r7, #4]
 110:../src/usbd.c **** 	uint8 idx = 0U;
 164              		.loc 1 110 8
 165 0038 0023     		movs	r3, #0
 166 003a FB75     		strb	r3, [r7, #23]
 111:../src/usbd.c **** 	uint8* pstr = str;
 167              		.loc 1 111 9
 168 003c FB68     		ldr	r3, [r7, #12]
 169 003e 3B61     		str	r3, [r7, #16]
 112:../src/usbd.c **** 	*length = MIN(USBD_MAX_STR_DESC_SIZ, (((uint16)GetLen(str) + 1) * 2));
 170              		.loc 1 112 12
 171 0040 F868     		ldr	r0, [r7, #12]
 172 0042 FFF7DDFF 		bl	GetLen
 173 0046 0346     		mov	r3, r0
 174 0048 0133     		adds	r3, r3, #1
 175 004a 5B00     		lsls	r3, r3, #1
 176              		.loc 1 112 10
 177 004c B3F5007F 		cmp	r3, #512
 178 0050 08D8     		bhi	.L6
 179              		.loc 1 112 12 discriminator 1
 180 0052 F868     		ldr	r0, [r7, #12]
 181 0054 FFF7D4FF 		bl	GetLen
 182 0058 0346     		mov	r3, r0
 183 005a 0133     		adds	r3, r3, #1
 184              		.loc 1 112 10 discriminator 1
 185 005c 9BB2     		uxth	r3, r3
 186 005e 5B00     		lsls	r3, r3, #1
 187 0060 9AB2     		uxth	r2, r3
 188 0062 01E0     		b	.L7
 189              	.L6:
 190              		.loc 1 112 10 is_stmt 0 discriminator 2
 191 0064 4FF40072 		mov	r2, #512
 192              	.L7:
 193              		.loc 1 112 10 discriminator 4
 194 0068 7B68     		ldr	r3, [r7, #4]
 195 006a 1A80     		strh	r2, [r3]	@ movhi
 113:../src/usbd.c **** 
 114:../src/usbd.c **** 	unicode[idx] = *(uint8*)length;
 196              		.loc 1 114 9 is_stmt 1 discriminator 4
 197 006c FB7D     		ldrb	r3, [r7, #23]	@ zero_extendqisi2
 198 006e BA68     		ldr	r2, [r7, #8]
 199 0070 1344     		add	r3, r3, r2
 200              		.loc 1 114 17 discriminator 4
 201 0072 7A68     		ldr	r2, [r7, #4]
 202 0074 1278     		ldrb	r2, [r2]	@ zero_extendqisi2
 203              		.loc 1 114 15 discriminator 4
 204 0076 1A70     		strb	r2, [r3]
 115:../src/usbd.c **** 	idx++;
 205              		.loc 1 115 5 discriminator 4
 206 0078 FB7D     		ldrb	r3, [r7, #23]	@ zero_extendqisi2
 207 007a 0133     		adds	r3, r3, #1
 208 007c FB75     		strb	r3, [r7, #23]
 116:../src/usbd.c **** 	unicode[idx] = DESC_STRING;
 209              		.loc 1 116 9 discriminator 4
 210 007e FB7D     		ldrb	r3, [r7, #23]	@ zero_extendqisi2
 211 0080 BA68     		ldr	r2, [r7, #8]
 212 0082 1344     		add	r3, r3, r2
 213              		.loc 1 116 15 discriminator 4
 214 0084 0322     		movs	r2, #3
 215 0086 1A70     		strb	r2, [r3]
 117:../src/usbd.c **** 	idx++;
 216              		.loc 1 117 5 discriminator 4
 217 0088 FB7D     		ldrb	r3, [r7, #23]	@ zero_extendqisi2
 218 008a 0133     		adds	r3, r3, #1
 219 008c FB75     		strb	r3, [r7, #23]
 118:../src/usbd.c **** 
 119:../src/usbd.c **** 	while(*pstr != (uint8)'\0')
 220              		.loc 1 119 7 discriminator 4
 221 008e 13E0     		b	.L8
 222              	.L9:
 120:../src/usbd.c **** 	{
 121:../src/usbd.c **** 		unicode[idx] = *pstr;
 223              		.loc 1 121 10
 224 0090 FB7D     		ldrb	r3, [r7, #23]	@ zero_extendqisi2
 225 0092 BA68     		ldr	r2, [r7, #8]
 226 0094 1344     		add	r3, r3, r2
 227              		.loc 1 121 18
 228 0096 3A69     		ldr	r2, [r7, #16]
 229 0098 1278     		ldrb	r2, [r2]	@ zero_extendqisi2
 230              		.loc 1 121 16
 231 009a 1A70     		strb	r2, [r3]
 122:../src/usbd.c **** 		pstr++;
 232              		.loc 1 122 7
 233 009c 3B69     		ldr	r3, [r7, #16]
 234 009e 0133     		adds	r3, r3, #1
 235 00a0 3B61     		str	r3, [r7, #16]
 123:../src/usbd.c **** 		idx++;
 236              		.loc 1 123 6
 237 00a2 FB7D     		ldrb	r3, [r7, #23]	@ zero_extendqisi2
 238 00a4 0133     		adds	r3, r3, #1
 239 00a6 FB75     		strb	r3, [r7, #23]
 124:../src/usbd.c **** 
 125:../src/usbd.c **** 		unicode[idx] = 0U;
 240              		.loc 1 125 10
 241 00a8 FB7D     		ldrb	r3, [r7, #23]	@ zero_extendqisi2
 242 00aa BA68     		ldr	r2, [r7, #8]
 243 00ac 1344     		add	r3, r3, r2
 244              		.loc 1 125 16
 245 00ae 0022     		movs	r2, #0
 246 00b0 1A70     		strb	r2, [r3]
 126:../src/usbd.c **** 		idx++;
 247              		.loc 1 126 6
 248 00b2 FB7D     		ldrb	r3, [r7, #23]	@ zero_extendqisi2
 249 00b4 0133     		adds	r3, r3, #1
 250 00b6 FB75     		strb	r3, [r7, #23]
 251              	.L8:
 119:../src/usbd.c **** 	{
 252              		.loc 1 119 8
 253 00b8 3B69     		ldr	r3, [r7, #16]
 254 00ba 1B78     		ldrb	r3, [r3]	@ zero_extendqisi2
 119:../src/usbd.c **** 	{
 255              		.loc 1 119 7
 256 00bc 002B     		cmp	r3, #0
 257 00be E7D1     		bne	.L9
 127:../src/usbd.c **** 	}
 128:../src/usbd.c **** }
 258              		.loc 1 128 1
 259 00c0 00BF     		nop
 260 00c2 00BF     		nop
 261 00c4 1837     		adds	r7, r7, #24
 262              		.cfi_def_cfa_offset 8
 263 00c6 BD46     		mov	sp, r7
 264              		.cfi_def_cfa_register 13
 265              		@ sp needed
 266 00c8 80BD     		pop	{r7, pc}
 267              		.cfi_endproc
 268              	.LFE138:
 270              		.align	1
 271              		.syntax unified
 272              		.thumb
 273              		.thumb_func
 275              	IntToUnicode:
 276              	.LFB139:
 129:../src/usbd.c **** 
 130:../src/usbd.c **** static void IntToUnicode(uint32_t value, uint8_t * pbuf, uint8_t len)
 131:../src/usbd.c **** {
 277              		.loc 1 131 1
 278              		.cfi_startproc
 279              		@ args = 0, pretend = 0, frame = 24
 280              		@ frame_needed = 1, uses_anonymous_args = 0
 281              		@ link register save eliminated.
 282 00ca 80B4     		push	{r7}
 283              		.cfi_def_cfa_offset 4
 284              		.cfi_offset 7, -4
 285 00cc 87B0     		sub	sp, sp, #28
 286              		.cfi_def_cfa_offset 32
 287 00ce 00AF     		add	r7, sp, #0
 288              		.cfi_def_cfa_register 7
 289 00d0 F860     		str	r0, [r7, #12]
 290 00d2 B960     		str	r1, [r7, #8]
 291 00d4 1346     		mov	r3, r2
 292 00d6 FB71     		strb	r3, [r7, #7]
 132:../src/usbd.c ****   uint8_t idx = 0;
 293              		.loc 1 132 11
 294 00d8 0023     		movs	r3, #0
 295 00da FB75     		strb	r3, [r7, #23]
 133:../src/usbd.c **** 
 134:../src/usbd.c ****   for (idx = 0; idx < len; idx++)
 296              		.loc 1 134 12
 297 00dc 0023     		movs	r3, #0
 298 00de FB75     		strb	r3, [r7, #23]
 299              		.loc 1 134 3
 300 00e0 27E0     		b	.L11
 301              	.L14:
 135:../src/usbd.c ****   {
 136:../src/usbd.c ****     if (((value >> 28)) < 0xA)
 302              		.loc 1 136 17
 303 00e2 FB68     		ldr	r3, [r7, #12]
 304 00e4 1B0F     		lsrs	r3, r3, #28
 305              		.loc 1 136 8
 306 00e6 092B     		cmp	r3, #9
 307 00e8 0BD8     		bhi	.L12
 137:../src/usbd.c ****     {
 138:../src/usbd.c ****       pbuf[2 * idx] = (value >> 28) + '0';
 308              		.loc 1 138 30
 309 00ea FB68     		ldr	r3, [r7, #12]
 310 00ec 1B0F     		lsrs	r3, r3, #28
 311              		.loc 1 138 37
 312 00ee DAB2     		uxtb	r2, r3
 313              		.loc 1 138 14
 314 00f0 FB7D     		ldrb	r3, [r7, #23]	@ zero_extendqisi2
 315 00f2 5B00     		lsls	r3, r3, #1
 316 00f4 1946     		mov	r1, r3
 317              		.loc 1 138 11
 318 00f6 BB68     		ldr	r3, [r7, #8]
 319 00f8 0B44     		add	r3, r3, r1
 320              		.loc 1 138 37
 321 00fa 3032     		adds	r2, r2, #48
 322 00fc D2B2     		uxtb	r2, r2
 323              		.loc 1 138 21
 324 00fe 1A70     		strb	r2, [r3]
 325 0100 0AE0     		b	.L13
 326              	.L12:
 139:../src/usbd.c ****     }
 140:../src/usbd.c ****     else
 141:../src/usbd.c ****     {
 142:../src/usbd.c ****       pbuf[2 * idx] = (value >> 28) + 'A' - 10;
 327              		.loc 1 142 30
 328 0102 FB68     		ldr	r3, [r7, #12]
 329 0104 1B0F     		lsrs	r3, r3, #28
 330              		.loc 1 142 43
 331 0106 DAB2     		uxtb	r2, r3
 332              		.loc 1 142 14
 333 0108 FB7D     		ldrb	r3, [r7, #23]	@ zero_extendqisi2
 334 010a 5B00     		lsls	r3, r3, #1
 335 010c 1946     		mov	r1, r3
 336              		.loc 1 142 11
 337 010e BB68     		ldr	r3, [r7, #8]
 338 0110 0B44     		add	r3, r3, r1
 339              		.loc 1 142 43
 340 0112 3732     		adds	r2, r2, #55
 341 0114 D2B2     		uxtb	r2, r2
 342              		.loc 1 142 21
 343 0116 1A70     		strb	r2, [r3]
 344              	.L13:
 143:../src/usbd.c ****     }
 144:../src/usbd.c **** 
 145:../src/usbd.c ****     value = value << 4;
 345              		.loc 1 145 11 discriminator 2
 346 0118 FB68     		ldr	r3, [r7, #12]
 347 011a 1B01     		lsls	r3, r3, #4
 348 011c FB60     		str	r3, [r7, #12]
 146:../src/usbd.c **** 
 147:../src/usbd.c ****     pbuf[2 * idx + 1] = 0;
 349              		.loc 1 147 12 discriminator 2
 350 011e FB7D     		ldrb	r3, [r7, #23]	@ zero_extendqisi2
 351 0120 5B00     		lsls	r3, r3, #1
 352              		.loc 1 147 9 discriminator 2
 353 0122 0133     		adds	r3, r3, #1
 354 0124 BA68     		ldr	r2, [r7, #8]
 355 0126 1344     		add	r3, r3, r2
 356              		.loc 1 147 23 discriminator 2
 357 0128 0022     		movs	r2, #0
 358 012a 1A70     		strb	r2, [r3]
 134:../src/usbd.c ****   {
 359              		.loc 1 134 31 discriminator 2
 360 012c FB7D     		ldrb	r3, [r7, #23]	@ zero_extendqisi2
 361 012e 0133     		adds	r3, r3, #1
 362 0130 FB75     		strb	r3, [r7, #23]
 363              	.L11:
 134:../src/usbd.c ****   {
 364              		.loc 1 134 3 discriminator 1
 365 0132 FA7D     		ldrb	r2, [r7, #23]	@ zero_extendqisi2
 366 0134 FB79     		ldrb	r3, [r7, #7]	@ zero_extendqisi2
 367 0136 9A42     		cmp	r2, r3
 368 0138 D3D3     		bcc	.L14
 148:../src/usbd.c ****   }
 149:../src/usbd.c **** }
 369              		.loc 1 149 1
 370 013a 00BF     		nop
 371 013c 00BF     		nop
 372 013e 1C37     		adds	r7, r7, #28
 373              		.cfi_def_cfa_offset 4
 374 0140 BD46     		mov	sp, r7
 375              		.cfi_def_cfa_register 13
 376              		@ sp needed
 377 0142 80BC     		pop	{r7}
 378              		.cfi_restore 7
 379              		.cfi_def_cfa_offset 0
 380 0144 7047     		bx	lr
 381              		.cfi_endproc
 382              	.LFE139:
 384              		.align	1
 385              		.syntax unified
 386              		.thumb
 387              		.thumb_func
 389              	GetSerial:
 390              	.LFB140:
 150:../src/usbd.c **** 
 151:../src/usbd.c **** static void GetSerial(uint8* unicode, uint16* length)
 152:../src/usbd.c **** {
 391              		.loc 1 152 1
 392              		.cfi_startproc
 393              		@ args = 0, pretend = 0, frame = 24
 394              		@ frame_needed = 1, uses_anonymous_args = 0
 395 0146 80B5     		push	{r7, lr}
 396              		.cfi_def_cfa_offset 8
 397              		.cfi_offset 7, -8
 398              		.cfi_offset 14, -4
 399 0148 86B0     		sub	sp, sp, #24
 400              		.cfi_def_cfa_offset 32
 401 014a 00AF     		add	r7, sp, #0
 402              		.cfi_def_cfa_register 7
 403 014c 7860     		str	r0, [r7, #4]
 404 014e 3960     		str	r1, [r7]
 153:../src/usbd.c **** 	uint32 deviceSerial0;
 154:../src/usbd.c **** 	uint32 deviceSerial1;
 155:../src/usbd.c **** 	uint32 deviceSerial2;
 156:../src/usbd.c **** 
 157:../src/usbd.c **** 	*length = USB_SIZ_STRING_SERIAL;
 405              		.loc 1 157 10
 406 0150 3B68     		ldr	r3, [r7]
 407 0152 1A22     		movs	r2, #26
 408 0154 1A80     		strh	r2, [r3]	@ movhi
 158:../src/usbd.c **** 
 159:../src/usbd.c **** 	deviceSerial0 = *(uint32*)UID_BASE;
 409              		.loc 1 159 18
 410 0156 144B     		ldr	r3, .L18
 411              		.loc 1 159 16
 412 0158 1B68     		ldr	r3, [r3]
 413 015a 7B61     		str	r3, [r7, #20]
 160:../src/usbd.c **** 	deviceSerial1 = *(uint32*)(UID_BASE+4);
 414              		.loc 1 160 18
 415 015c 134B     		ldr	r3, .L18+4
 416              		.loc 1 160 16
 417 015e 1B68     		ldr	r3, [r3]
 418 0160 3B61     		str	r3, [r7, #16]
 161:../src/usbd.c **** 	deviceSerial2 = *(uint32*)(UID_BASE+8);
 419              		.loc 1 161 18
 420 0162 134B     		ldr	r3, .L18+8
 421              		.loc 1 161 16
 422 0164 1B68     		ldr	r3, [r3]
 423 0166 FB60     		str	r3, [r7, #12]
 162:../src/usbd.c **** 
 163:../src/usbd.c **** 	deviceSerial0 += deviceSerial2;
 424              		.loc 1 163 16
 425 0168 7A69     		ldr	r2, [r7, #20]
 426 016a FB68     		ldr	r3, [r7, #12]
 427 016c 1344     		add	r3, r3, r2
 428 016e 7B61     		str	r3, [r7, #20]
 164:../src/usbd.c **** 
 165:../src/usbd.c **** 	if(0 != deviceSerial0)
 429              		.loc 1 165 4
 430 0170 7B69     		ldr	r3, [r7, #20]
 431 0172 002B     		cmp	r3, #0
 432 0174 14D0     		beq	.L17
 166:../src/usbd.c **** 	{
 167:../src/usbd.c **** 		unicode[0] = USB_SIZ_STRING_SERIAL;
 433              		.loc 1 167 14
 434 0176 7B68     		ldr	r3, [r7, #4]
 435 0178 1A22     		movs	r2, #26
 436 017a 1A70     		strb	r2, [r3]
 168:../src/usbd.c **** 		unicode[1] = DESC_STRING;
 437              		.loc 1 168 10
 438 017c 7B68     		ldr	r3, [r7, #4]
 439 017e 0133     		adds	r3, r3, #1
 440              		.loc 1 168 14
 441 0180 0322     		movs	r2, #3
 442 0182 1A70     		strb	r2, [r3]
 169:../src/usbd.c **** 		IntToUnicode(deviceSerial0, &unicode[2], 8);
 443              		.loc 1 169 31
 444 0184 7B68     		ldr	r3, [r7, #4]
 445 0186 0233     		adds	r3, r3, #2
 446              		.loc 1 169 3
 447 0188 0822     		movs	r2, #8
 448 018a 1946     		mov	r1, r3
 449 018c 7869     		ldr	r0, [r7, #20]
 450 018e FFF79CFF 		bl	IntToUnicode
 170:../src/usbd.c **** 		IntToUnicode(deviceSerial1, &unicode[18], 4);
 451              		.loc 1 170 31
 452 0192 7B68     		ldr	r3, [r7, #4]
 453 0194 1233     		adds	r3, r3, #18
 454              		.loc 1 170 3
 455 0196 0422     		movs	r2, #4
 456 0198 1946     		mov	r1, r3
 457 019a 3869     		ldr	r0, [r7, #16]
 458 019c FFF795FF 		bl	IntToUnicode
 459              	.L17:
 171:../src/usbd.c **** 	}
 172:../src/usbd.c **** }
 460              		.loc 1 172 1
 461 01a0 00BF     		nop
 462 01a2 1837     		adds	r7, r7, #24
 463              		.cfi_def_cfa_offset 8
 464 01a4 BD46     		mov	sp, r7
 465              		.cfi_def_cfa_register 13
 466              		@ sp needed
 467 01a6 80BD     		pop	{r7, pc}
 468              	.L19:
 469              		.align	2
 470              	.L18:
 471 01a8 107AFF1F 		.word	536836624
 472 01ac 147AFF1F 		.word	536836628
 473 01b0 187AFF1F 		.word	536836632
 474              		.cfi_endproc
 475              	.LFE140:
 477              		.align	1
 478              		.global	GetFSDeviceDescriptor
 479              		.syntax unified
 480              		.thumb
 481              		.thumb_func
 483              	GetFSDeviceDescriptor:
 484              	.LFB141:
 173:../src/usbd.c **** 
 174:../src/usbd.c **** uint8* GetFSDeviceDescriptor(uint16* length)
 175:../src/usbd.c **** {
 485              		.loc 1 175 1
 486              		.cfi_startproc
 487              		@ args = 0, pretend = 0, frame = 8
 488              		@ frame_needed = 1, uses_anonymous_args = 0
 489              		@ link register save eliminated.
 490 01b4 80B4     		push	{r7}
 491              		.cfi_def_cfa_offset 4
 492              		.cfi_offset 7, -4
 493 01b6 83B0     		sub	sp, sp, #12
 494              		.cfi_def_cfa_offset 16
 495 01b8 00AF     		add	r7, sp, #0
 496              		.cfi_def_cfa_register 7
 497 01ba 7860     		str	r0, [r7, #4]
 176:../src/usbd.c **** 	*length = sizeof(FSDeviceDescriptor);
 498              		.loc 1 176 10
 499 01bc 7B68     		ldr	r3, [r7, #4]
 500 01be 1222     		movs	r2, #18
 501 01c0 1A80     		strh	r2, [r3]	@ movhi
 177:../src/usbd.c **** 	return FSDeviceDescriptor;
 502              		.loc 1 177 9
 503 01c2 034B     		ldr	r3, .L22
 178:../src/usbd.c **** }
 504              		.loc 1 178 1
 505 01c4 1846     		mov	r0, r3
 506 01c6 0C37     		adds	r7, r7, #12
 507              		.cfi_def_cfa_offset 4
 508 01c8 BD46     		mov	sp, r7
 509              		.cfi_def_cfa_register 13
 510              		@ sp needed
 511 01ca 80BC     		pop	{r7}
 512              		.cfi_restore 7
 513              		.cfi_def_cfa_offset 0
 514 01cc 7047     		bx	lr
 515              	.L23:
 516 01ce 00BF     		.align	2
 517              	.L22:
 518 01d0 00000000 		.word	FSDeviceDescriptor
 519              		.cfi_endproc
 520              	.LFE141:
 522              		.align	1
 523              		.global	GetFSDeviceQualifierDescriptor
 524              		.syntax unified
 525              		.thumb
 526              		.thumb_func
 528              	GetFSDeviceQualifierDescriptor:
 529              	.LFB142:
 179:../src/usbd.c **** 
 180:../src/usbd.c **** uint8* GetFSDeviceQualifierDescriptor(uint16* length)
 181:../src/usbd.c **** {
 530              		.loc 1 181 1
 531              		.cfi_startproc
 532              		@ args = 0, pretend = 0, frame = 8
 533              		@ frame_needed = 1, uses_anonymous_args = 0
 534              		@ link register save eliminated.
 535 01d4 80B4     		push	{r7}
 536              		.cfi_def_cfa_offset 4
 537              		.cfi_offset 7, -4
 538 01d6 83B0     		sub	sp, sp, #12
 539              		.cfi_def_cfa_offset 16
 540 01d8 00AF     		add	r7, sp, #0
 541              		.cfi_def_cfa_register 7
 542 01da 7860     		str	r0, [r7, #4]
 182:../src/usbd.c **** 	*length = sizeof(FSDeviceQualifierDescriptor);
 543              		.loc 1 182 10
 544 01dc 7B68     		ldr	r3, [r7, #4]
 545 01de 0A22     		movs	r2, #10
 546 01e0 1A80     		strh	r2, [r3]	@ movhi
 183:../src/usbd.c **** 	return FSDeviceQualifierDescriptor;
 547              		.loc 1 183 9
 548 01e2 034B     		ldr	r3, .L26
 184:../src/usbd.c **** }
 549              		.loc 1 184 1
 550 01e4 1846     		mov	r0, r3
 551 01e6 0C37     		adds	r7, r7, #12
 552              		.cfi_def_cfa_offset 4
 553 01e8 BD46     		mov	sp, r7
 554              		.cfi_def_cfa_register 13
 555              		@ sp needed
 556 01ea 80BC     		pop	{r7}
 557              		.cfi_restore 7
 558              		.cfi_def_cfa_offset 0
 559 01ec 7047     		bx	lr
 560              	.L27:
 561 01ee 00BF     		.align	2
 562              	.L26:
 563 01f0 00000000 		.word	FSDeviceQualifierDescriptor
 564              		.cfi_endproc
 565              	.LFE142:
 567              		.align	1
 568              		.global	GetFSConfigDescriptor
 569              		.syntax unified
 570              		.thumb
 571              		.thumb_func
 573              	GetFSConfigDescriptor:
 574              	.LFB143:
 185:../src/usbd.c **** 
 186:../src/usbd.c **** uint8* GetFSConfigDescriptor(uint16* length)
 187:../src/usbd.c **** {
 575              		.loc 1 187 1
 576              		.cfi_startproc
 577              		@ args = 0, pretend = 0, frame = 8
 578              		@ frame_needed = 1, uses_anonymous_args = 0
 579              		@ link register save eliminated.
 580 01f4 80B4     		push	{r7}
 581              		.cfi_def_cfa_offset 4
 582              		.cfi_offset 7, -4
 583 01f6 83B0     		sub	sp, sp, #12
 584              		.cfi_def_cfa_offset 16
 585 01f8 00AF     		add	r7, sp, #0
 586              		.cfi_def_cfa_register 7
 587 01fa 7860     		str	r0, [r7, #4]
 188:../src/usbd.c **** 	*length = sizeof(FSConfigurationDescriptor);
 588              		.loc 1 188 10
 589 01fc 7B68     		ldr	r3, [r7, #4]
 590 01fe 2222     		movs	r2, #34
 591 0200 1A80     		strh	r2, [r3]	@ movhi
 189:../src/usbd.c **** 	return (uint8*)&FSConfigurationDescriptor;
 592              		.loc 1 189 9
 593 0202 034B     		ldr	r3, .L30
 190:../src/usbd.c **** }
 594              		.loc 1 190 1
 595 0204 1846     		mov	r0, r3
 596 0206 0C37     		adds	r7, r7, #12
 597              		.cfi_def_cfa_offset 4
 598 0208 BD46     		mov	sp, r7
 599              		.cfi_def_cfa_register 13
 600              		@ sp needed
 601 020a 80BC     		pop	{r7}
 602              		.cfi_restore 7
 603              		.cfi_def_cfa_offset 0
 604 020c 7047     		bx	lr
 605              	.L31:
 606 020e 00BF     		.align	2
 607              	.L30:
 608 0210 00000000 		.word	FSConfigurationDescriptor
 609              		.cfi_endproc
 610              	.LFE143:
 612              		.align	1
 613              		.global	GetFSLangIdStringDescriptor
 614              		.syntax unified
 615              		.thumb
 616              		.thumb_func
 618              	GetFSLangIdStringDescriptor:
 619              	.LFB144:
 191:../src/usbd.c **** 
 192:../src/usbd.c **** uint8* GetFSLangIdStringDescriptor(uint16* length)
 193:../src/usbd.c **** {
 620              		.loc 1 193 1
 621              		.cfi_startproc
 622              		@ args = 0, pretend = 0, frame = 8
 623              		@ frame_needed = 1, uses_anonymous_args = 0
 624              		@ link register save eliminated.
 625 0214 80B4     		push	{r7}
 626              		.cfi_def_cfa_offset 4
 627              		.cfi_offset 7, -4
 628 0216 83B0     		sub	sp, sp, #12
 629              		.cfi_def_cfa_offset 16
 630 0218 00AF     		add	r7, sp, #0
 631              		.cfi_def_cfa_register 7
 632 021a 7860     		str	r0, [r7, #4]
 194:../src/usbd.c **** 	*length = sizeof(FSLangIdStringDescriptor);
 633              		.loc 1 194 10
 634 021c 7B68     		ldr	r3, [r7, #4]
 635 021e 0422     		movs	r2, #4
 636 0220 1A80     		strh	r2, [r3]	@ movhi
 195:../src/usbd.c **** 	return FSLangIdStringDescriptor;
 637              		.loc 1 195 9
 638 0222 034B     		ldr	r3, .L34
 196:../src/usbd.c **** }
 639              		.loc 1 196 1
 640 0224 1846     		mov	r0, r3
 641 0226 0C37     		adds	r7, r7, #12
 642              		.cfi_def_cfa_offset 4
 643 0228 BD46     		mov	sp, r7
 644              		.cfi_def_cfa_register 13
 645              		@ sp needed
 646 022a 80BC     		pop	{r7}
 647              		.cfi_restore 7
 648              		.cfi_def_cfa_offset 0
 649 022c 7047     		bx	lr
 650              	.L35:
 651 022e 00BF     		.align	2
 652              	.L34:
 653 0230 00000000 		.word	FSLangIdStringDescriptor
 654              		.cfi_endproc
 655              	.LFE144:
 657              		.section	.rodata
 658              		.align	2
 659              	.LC0:
 660 0000 53544D69 		.ascii	"STMicroelectronics\000"
 660      63726F65 
 660      6C656374 
 660      726F6E69 
 660      637300
 661              		.text
 662              		.align	1
 663              		.global	GetFSMfcIdStringDescriptor
 664              		.syntax unified
 665              		.thumb
 666              		.thumb_func
 668              	GetFSMfcIdStringDescriptor:
 669              	.LFB145:
 197:../src/usbd.c **** 
 198:../src/usbd.c **** uint8* GetFSMfcIdStringDescriptor(uint16* length)
 199:../src/usbd.c **** {
 670              		.loc 1 199 1
 671              		.cfi_startproc
 672              		@ args = 0, pretend = 0, frame = 8
 673              		@ frame_needed = 1, uses_anonymous_args = 0
 674 0234 80B5     		push	{r7, lr}
 675              		.cfi_def_cfa_offset 8
 676              		.cfi_offset 7, -8
 677              		.cfi_offset 14, -4
 678 0236 82B0     		sub	sp, sp, #8
 679              		.cfi_def_cfa_offset 16
 680 0238 00AF     		add	r7, sp, #0
 681              		.cfi_def_cfa_register 7
 682 023a 7860     		str	r0, [r7, #4]
 200:../src/usbd.c **** 	GetString(USBD_MANUFACTURER_STRING, USB_StringUnicode, length);
 683              		.loc 1 200 2
 684 023c 7A68     		ldr	r2, [r7, #4]
 685 023e 0449     		ldr	r1, .L38
 686 0240 0448     		ldr	r0, .L38+4
 687 0242 FFF7F3FE 		bl	GetString
 201:../src/usbd.c **** 	return USB_StringUnicode;
 688              		.loc 1 201 9
 689 0246 024B     		ldr	r3, .L38
 202:../src/usbd.c **** }
 690              		.loc 1 202 1
 691 0248 1846     		mov	r0, r3
 692 024a 0837     		adds	r7, r7, #8
 693              		.cfi_def_cfa_offset 8
 694 024c BD46     		mov	sp, r7
 695              		.cfi_def_cfa_register 13
 696              		@ sp needed
 697 024e 80BD     		pop	{r7, pc}
 698              	.L39:
 699              		.align	2
 700              	.L38:
 701 0250 00000000 		.word	USB_StringUnicode
 702 0254 00000000 		.word	.LC0
 703              		.cfi_endproc
 704              	.LFE145:
 706              		.section	.rodata
 707 0013 00       		.align	2
 708              	.LC1:
 709 0014 53544D33 		.ascii	"STM32 Human interface\000"
 709      32204875 
 709      6D616E20 
 709      696E7465 
 709      72666163 
 710              		.text
 711              		.align	1
 712              		.global	GetFSPdcIdStringDescriptor
 713              		.syntax unified
 714              		.thumb
 715              		.thumb_func
 717              	GetFSPdcIdStringDescriptor:
 718              	.LFB146:
 203:../src/usbd.c **** 
 204:../src/usbd.c **** uint8* GetFSPdcIdStringDescriptor(uint16* length)
 205:../src/usbd.c **** {
 719              		.loc 1 205 1
 720              		.cfi_startproc
 721              		@ args = 0, pretend = 0, frame = 8
 722              		@ frame_needed = 1, uses_anonymous_args = 0
 723 0258 80B5     		push	{r7, lr}
 724              		.cfi_def_cfa_offset 8
 725              		.cfi_offset 7, -8
 726              		.cfi_offset 14, -4
 727 025a 82B0     		sub	sp, sp, #8
 728              		.cfi_def_cfa_offset 16
 729 025c 00AF     		add	r7, sp, #0
 730              		.cfi_def_cfa_register 7
 731 025e 7860     		str	r0, [r7, #4]
 206:../src/usbd.c **** 	GetString((uint8*)USBD_PRODUCT_STRING_FS, USB_StringUnicode, length);
 732              		.loc 1 206 2
 733 0260 7A68     		ldr	r2, [r7, #4]
 734 0262 0449     		ldr	r1, .L42
 735 0264 0448     		ldr	r0, .L42+4
 736 0266 FFF7E1FE 		bl	GetString
 207:../src/usbd.c **** 	return USB_StringUnicode;
 737              		.loc 1 207 9
 738 026a 024B     		ldr	r3, .L42
 208:../src/usbd.c **** }
 739              		.loc 1 208 1
 740 026c 1846     		mov	r0, r3
 741 026e 0837     		adds	r7, r7, #8
 742              		.cfi_def_cfa_offset 8
 743 0270 BD46     		mov	sp, r7
 744              		.cfi_def_cfa_register 13
 745              		@ sp needed
 746 0272 80BD     		pop	{r7, pc}
 747              	.L43:
 748              		.align	2
 749              	.L42:
 750 0274 00000000 		.word	USB_StringUnicode
 751 0278 14000000 		.word	.LC1
 752              		.cfi_endproc
 753              	.LFE146:
 755              		.align	1
 756              		.global	GetFSSerialStringDescriptor
 757              		.syntax unified
 758              		.thumb
 759              		.thumb_func
 761              	GetFSSerialStringDescriptor:
 762              	.LFB147:
 209:../src/usbd.c **** 
 210:../src/usbd.c **** uint8* GetFSSerialStringDescriptor(uint16* length)
 211:../src/usbd.c **** {
 763              		.loc 1 211 1
 764              		.cfi_startproc
 765              		@ args = 0, pretend = 0, frame = 8
 766              		@ frame_needed = 1, uses_anonymous_args = 0
 767 027c 80B5     		push	{r7, lr}
 768              		.cfi_def_cfa_offset 8
 769              		.cfi_offset 7, -8
 770              		.cfi_offset 14, -4
 771 027e 82B0     		sub	sp, sp, #8
 772              		.cfi_def_cfa_offset 16
 773 0280 00AF     		add	r7, sp, #0
 774              		.cfi_def_cfa_register 7
 775 0282 7860     		str	r0, [r7, #4]
 212:../src/usbd.c **** 	GetSerial(USB_StringUnicode, length);
 776              		.loc 1 212 2
 777 0284 7968     		ldr	r1, [r7, #4]
 778 0286 0448     		ldr	r0, .L46
 779 0288 FFF75DFF 		bl	GetSerial
 213:../src/usbd.c **** 	return USB_StringUnicode;
 780              		.loc 1 213 9
 781 028c 024B     		ldr	r3, .L46
 214:../src/usbd.c **** }
 782              		.loc 1 214 1
 783 028e 1846     		mov	r0, r3
 784 0290 0837     		adds	r7, r7, #8
 785              		.cfi_def_cfa_offset 8
 786 0292 BD46     		mov	sp, r7
 787              		.cfi_def_cfa_register 13
 788              		@ sp needed
 789 0294 80BD     		pop	{r7, pc}
 790              	.L47:
 791 0296 00BF     		.align	2
 792              	.L46:
 793 0298 00000000 		.word	USB_StringUnicode
 794              		.cfi_endproc
 795              	.LFE147:
 797              		.section	.rodata
 798 002a 0000     		.align	2
 799              	.LC2:
 800 002c 48494420 		.ascii	"HID Config\000"
 800      436F6E66 
 800      696700
 801              		.text
 802              		.align	1
 803              		.global	GetFSConfigStringDescriptor
 804              		.syntax unified
 805              		.thumb
 806              		.thumb_func
 808              	GetFSConfigStringDescriptor:
 809              	.LFB148:
 215:../src/usbd.c **** 
 216:../src/usbd.c **** uint8* GetFSConfigStringDescriptor(uint16* length)
 217:../src/usbd.c **** {
 810              		.loc 1 217 1
 811              		.cfi_startproc
 812              		@ args = 0, pretend = 0, frame = 8
 813              		@ frame_needed = 1, uses_anonymous_args = 0
 814 029c 80B5     		push	{r7, lr}
 815              		.cfi_def_cfa_offset 8
 816              		.cfi_offset 7, -8
 817              		.cfi_offset 14, -4
 818 029e 82B0     		sub	sp, sp, #8
 819              		.cfi_def_cfa_offset 16
 820 02a0 00AF     		add	r7, sp, #0
 821              		.cfi_def_cfa_register 7
 822 02a2 7860     		str	r0, [r7, #4]
 218:../src/usbd.c **** 	GetString(USBD_CONFIGURATION_STRING_FS, USB_StringUnicode, length);
 823              		.loc 1 218 2
 824 02a4 7A68     		ldr	r2, [r7, #4]
 825 02a6 0449     		ldr	r1, .L50
 826 02a8 0448     		ldr	r0, .L50+4
 827 02aa FFF7BFFE 		bl	GetString
 219:../src/usbd.c **** 	return USB_StringUnicode;
 828              		.loc 1 219 9
 829 02ae 024B     		ldr	r3, .L50
 220:../src/usbd.c **** }
 830              		.loc 1 220 1
 831 02b0 1846     		mov	r0, r3
 832 02b2 0837     		adds	r7, r7, #8
 833              		.cfi_def_cfa_offset 8
 834 02b4 BD46     		mov	sp, r7
 835              		.cfi_def_cfa_register 13
 836              		@ sp needed
 837 02b6 80BD     		pop	{r7, pc}
 838              	.L51:
 839              		.align	2
 840              	.L50:
 841 02b8 00000000 		.word	USB_StringUnicode
 842 02bc 2C000000 		.word	.LC2
 843              		.cfi_endproc
 844              	.LFE148:
 846              		.section	.rodata
 847 0037 00       		.align	2
 848              	.LC3:
 849 0038 48494420 		.ascii	"HID Interface\000"
 849      496E7465 
 849      72666163 
 849      6500
 850              		.text
 851              		.align	1
 852              		.global	GetFSInterfaceStringDescriptor
 853              		.syntax unified
 854              		.thumb
 855              		.thumb_func
 857              	GetFSInterfaceStringDescriptor:
 858              	.LFB149:
 221:../src/usbd.c **** 
 222:../src/usbd.c **** uint8* GetFSInterfaceStringDescriptor(uint16* length)
 223:../src/usbd.c **** {
 859              		.loc 1 223 1
 860              		.cfi_startproc
 861              		@ args = 0, pretend = 0, frame = 8
 862              		@ frame_needed = 1, uses_anonymous_args = 0
 863 02c0 80B5     		push	{r7, lr}
 864              		.cfi_def_cfa_offset 8
 865              		.cfi_offset 7, -8
 866              		.cfi_offset 14, -4
 867 02c2 82B0     		sub	sp, sp, #8
 868              		.cfi_def_cfa_offset 16
 869 02c4 00AF     		add	r7, sp, #0
 870              		.cfi_def_cfa_register 7
 871 02c6 7860     		str	r0, [r7, #4]
 224:../src/usbd.c **** 	GetString(USBD_INTERFACE_STRING_FS, USB_StringUnicode, length);
 872              		.loc 1 224 2
 873 02c8 7A68     		ldr	r2, [r7, #4]
 874 02ca 0449     		ldr	r1, .L54
 875 02cc 0448     		ldr	r0, .L54+4
 876 02ce FFF7ADFE 		bl	GetString
 225:../src/usbd.c **** 	return USB_StringUnicode;
 877              		.loc 1 225 9
 878 02d2 024B     		ldr	r3, .L54
 226:../src/usbd.c **** }
 879              		.loc 1 226 1
 880 02d4 1846     		mov	r0, r3
 881 02d6 0837     		adds	r7, r7, #8
 882              		.cfi_def_cfa_offset 8
 883 02d8 BD46     		mov	sp, r7
 884              		.cfi_def_cfa_register 13
 885              		@ sp needed
 886 02da 80BD     		pop	{r7, pc}
 887              	.L55:
 888              		.align	2
 889              	.L54:
 890 02dc 00000000 		.word	USB_StringUnicode
 891 02e0 38000000 		.word	.LC3
 892              		.cfi_endproc
 893              	.LFE149:
 895              	.Letext0:
 896              		.file 2 "c:\\program files (x86)\\gnu arm embedded toolchain\\10 2021.10\\arm-none-eabi\\include\\
 897              		.file 3 "c:\\program files (x86)\\gnu arm embedded toolchain\\10 2021.10\\arm-none-eabi\\include\\
 898              		.file 4 "C:\\Users\\bahri\\GitHub\\VirtualKeypad\\Eclipse_USBProject_WS\\Project_USB_CrossCompile\
 899              		.file 5 "C:\\Users\\bahri\\GitHub\\VirtualKeypad\\Eclipse_USBProject_WS\\Project_USB_CrossCompile\
DEFINED SYMBOLS
                            *ABS*:00000000 usbd.c
C:\Users\bahri\AppData\Local\Temp\cc0iWIBN.s:22     .bss:00000000 USB_StringUnicode
C:\Users\bahri\AppData\Local\Temp\cc0iWIBN.s:19     .bss:00000000 $d
C:\Users\bahri\AppData\Local\Temp\cc0iWIBN.s:29     .data:00000000 FSDeviceDescriptor
C:\Users\bahri\AppData\Local\Temp\cc0iWIBN.s:26     .data:00000000 $d
C:\Users\bahri\AppData\Local\Temp\cc0iWIBN.s:36     .data:00000014 FSDeviceQualifierDescriptor
C:\Users\bahri\AppData\Local\Temp\cc0iWIBN.s:42     .data:00000020 FSConfigurationDescriptor
C:\Users\bahri\AppData\Local\Temp\cc0iWIBN.s:77     .data:00000044 FSConfigurationDescriptorArray
C:\Users\bahri\AppData\Local\Temp\cc0iWIBN.s:83     .data:00000048 FSLangIdStringDescriptor
C:\Users\bahri\AppData\Local\Temp\cc0iWIBN.s:86     .text:00000000 $t
C:\Users\bahri\AppData\Local\Temp\cc0iWIBN.s:91     .text:00000000 GetLen
C:\Users\bahri\AppData\Local\Temp\cc0iWIBN.s:147    .text:0000002c GetString
C:\Users\bahri\AppData\Local\Temp\cc0iWIBN.s:275    .text:000000ca IntToUnicode
C:\Users\bahri\AppData\Local\Temp\cc0iWIBN.s:389    .text:00000146 GetSerial
C:\Users\bahri\AppData\Local\Temp\cc0iWIBN.s:471    .text:000001a8 $d
C:\Users\bahri\AppData\Local\Temp\cc0iWIBN.s:477    .text:000001b4 $t
C:\Users\bahri\AppData\Local\Temp\cc0iWIBN.s:483    .text:000001b4 GetFSDeviceDescriptor
C:\Users\bahri\AppData\Local\Temp\cc0iWIBN.s:518    .text:000001d0 $d
C:\Users\bahri\AppData\Local\Temp\cc0iWIBN.s:522    .text:000001d4 $t
C:\Users\bahri\AppData\Local\Temp\cc0iWIBN.s:528    .text:000001d4 GetFSDeviceQualifierDescriptor
C:\Users\bahri\AppData\Local\Temp\cc0iWIBN.s:563    .text:000001f0 $d
C:\Users\bahri\AppData\Local\Temp\cc0iWIBN.s:567    .text:000001f4 $t
C:\Users\bahri\AppData\Local\Temp\cc0iWIBN.s:573    .text:000001f4 GetFSConfigDescriptor
C:\Users\bahri\AppData\Local\Temp\cc0iWIBN.s:608    .text:00000210 $d
C:\Users\bahri\AppData\Local\Temp\cc0iWIBN.s:612    .text:00000214 $t
C:\Users\bahri\AppData\Local\Temp\cc0iWIBN.s:618    .text:00000214 GetFSLangIdStringDescriptor
C:\Users\bahri\AppData\Local\Temp\cc0iWIBN.s:653    .text:00000230 $d
C:\Users\bahri\AppData\Local\Temp\cc0iWIBN.s:658    .rodata:00000000 $d
C:\Users\bahri\AppData\Local\Temp\cc0iWIBN.s:662    .text:00000234 $t
C:\Users\bahri\AppData\Local\Temp\cc0iWIBN.s:668    .text:00000234 GetFSMfcIdStringDescriptor
C:\Users\bahri\AppData\Local\Temp\cc0iWIBN.s:701    .text:00000250 $d
C:\Users\bahri\AppData\Local\Temp\cc0iWIBN.s:711    .text:00000258 $t
C:\Users\bahri\AppData\Local\Temp\cc0iWIBN.s:717    .text:00000258 GetFSPdcIdStringDescriptor
C:\Users\bahri\AppData\Local\Temp\cc0iWIBN.s:750    .text:00000274 $d
C:\Users\bahri\AppData\Local\Temp\cc0iWIBN.s:755    .text:0000027c $t
C:\Users\bahri\AppData\Local\Temp\cc0iWIBN.s:761    .text:0000027c GetFSSerialStringDescriptor
C:\Users\bahri\AppData\Local\Temp\cc0iWIBN.s:793    .text:00000298 $d
C:\Users\bahri\AppData\Local\Temp\cc0iWIBN.s:802    .text:0000029c $t
C:\Users\bahri\AppData\Local\Temp\cc0iWIBN.s:808    .text:0000029c GetFSConfigStringDescriptor
C:\Users\bahri\AppData\Local\Temp\cc0iWIBN.s:841    .text:000002b8 $d
C:\Users\bahri\AppData\Local\Temp\cc0iWIBN.s:851    .text:000002c0 $t
C:\Users\bahri\AppData\Local\Temp\cc0iWIBN.s:857    .text:000002c0 GetFSInterfaceStringDescriptor
C:\Users\bahri\AppData\Local\Temp\cc0iWIBN.s:890    .text:000002dc $d
                           .group:00000000 wm4.0.ce81f7773bc3d72bdddc828fc28d3a81
                           .group:00000000 wm4.stm32f407xx.h.34.dfd2ea1697b5c77f46734fce8e0379c1
                           .group:00000000 wm4._newlib_version.h.4.bfdf54b0af045d4a71376ae00f63a22c
                           .group:00000000 wm4.features.h.33.d0b7f3cd6ee95f610104014bb3ed522a
                           .group:00000000 wm4._default_types.h.15.247e5cd201eca3442cbf5404108c4935
                           .group:00000000 wm4._intsup.h.10.48bafbb683905c4daa4565a85aeeb264
                           .group:00000000 wm4._stdint.h.10.c24fa3af3bc1706662bb5593a907e841
                           .group:00000000 wm4.stdint.h.23.d53047a68f4a85177f80b422d52785ed
                           .group:00000000 wm4.cmsis_version.h.32.0ac195c83bb4537824e6ad1c47474b79
                           .group:00000000 wm4.core_cm4.h.66.e9ec14ff72395df130e3e13849031638
                           .group:00000000 wm4.cmsis_gcc.h.26.498d0ad17a45fc9ef20fdc01caf02259
                           .group:00000000 wm4.core_cm4.h.174.62be9b4588d49bed18171771001331df
                           .group:00000000 wm4.mpu_armv7.h.32.83326921a797fa9d6f70449916b4b839
                           .group:00000000 wm4.stm32f407xx.h.906.b83b06aeff1423f0cb818f8b4e776e34
                           .group:00000000 wm4.newlib.h.8.7cb3972cd43265932d4782d5eb589854
                           .group:00000000 wm4.ieeefp.h.77.25247dc27dbe3b23bfe98c2dc18f6ac5
                           .group:00000000 wm4.config.h.224.c701144a7b0518c6ee9b9b5465b79f81
                           .group:00000000 wm4._ansi.h.31.de524f58584151836e90d8620a16f8e8
                           .group:00000000 wm4.stdio.h.31.7c0e28c411445f3f9c5b11accf882760
                           .group:00000000 wm4.stddef.h.181.c3f52a3b0f4c288bddb5dda1562858e2
                           .group:00000000 wm4.cdefs.h.49.39045112216f6a021dbdffe3bf5accce
                           .group:00000000 wm4.stddef.h.39.b727a6c3269d9d6ef9fc646b721a8287
                           .group:00000000 wm4.stdarg.h.34.3a23a216c0c293b3d2ea2e89281481e6
                           .group:00000000 wm4._types.h.20.dd0d04dca3800a0d2a6129b87f3adbb2
                           .group:00000000 wm4.stddef.h.155.3588ebfdd1e8c7ede80509bb9c3b8009
                           .group:00000000 wm4._types.h.127.34941de1b2539d59d5cac00e0dd27a45
                           .group:00000000 wm4.reent.h.17.e292bf8b0bec6c96e131a54347145a30
                           .group:00000000 wm4.lock.h.2.1461d1fff82dffe8bfddc23307f6484f
                           .group:00000000 wm4.reent.h.77.dcd6129ff07fe81bd5636db29abe53b2
                           .group:00000000 wm4.types.h.40.c2dcbbb5c1f4f0e5cb716ebf7776da48
                           .group:00000000 wm4.stdio.h.2.4aa87247282eca6c8f36f9de33d8df1a
                           .group:00000000 wm4.stdio.h.81.2a55589bfa3ee24eeb84e3c79458e4a9
                           .group:00000000 wm4.types.h.12.bce82e9f7fdaaedfc4e7f8871bae11e3
                           .group:00000000 wm4.usbd.h.13.78f2dd1d26d9f2ade632afe693706437

NO UNDEFINED SYMBOLS
