
C:\Users\bahri\eclipse-workspace\Project_empty_Cross\Debug\system\src\cmsis\startup.o:     file format elf32-littlearm

Sections:
Idx Name          Size      VMA       LMA       File off  Algn
  0 .text         00000014  00000000  00000000  00000034  2**1
                  CONTENTS, ALLOC, LOAD, RELOC, READONLY, CODE
  1 .data         00000000  00000000  00000000  00000048  2**0
                  CONTENTS, ALLOC, LOAD, DATA
  2 .bss          00000000  00000000  00000000  00000048  2**0
                  ALLOC
  3 .text.Reset_Handler 0000004c  00000000  00000000  00000048  2**2
                  CONTENTS, ALLOC, LOAD, RELOC, READONLY, CODE
  4 .text.Default_Handler 00000002  00000000  00000000  00000094  2**1
                  CONTENTS, ALLOC, LOAD, READONLY, CODE
  5 .isr_vector   00000188  00000000  00000000  00000096  2**0
                  CONTENTS, ALLOC, LOAD, RELOC, READONLY, DATA
  6 .ARM.attributes 00000021  00000000  00000000  0000021e  2**0
                  CONTENTS, READONLY

Disassembly of section .text:

00000000 <.text>:
	...

Disassembly of section .text.Reset_Handler:

00000000 <Reset_Handler>:
   0:	f8df d030 	ldr.w	sp, [pc, #48]	; 34 <LoopFillZerobss+0xa>
   4:	f7ff fffe 	bl	0 <SystemInit>
   8:	480b      	ldr	r0, [pc, #44]	; (38 <LoopFillZerobss+0xe>)
   a:	490c      	ldr	r1, [pc, #48]	; (3c <LoopFillZerobss+0x12>)
   c:	4a0c      	ldr	r2, [pc, #48]	; (40 <LoopFillZerobss+0x16>)
   e:	2300      	movs	r3, #0
  10:	e002      	b.n	18 <LoopCopyDataInit>

00000012 <CopyDataInit>:
  12:	58d4      	ldr	r4, [r2, r3]
  14:	50c4      	str	r4, [r0, r3]
  16:	3304      	adds	r3, #4

00000018 <LoopCopyDataInit>:
  18:	18c4      	adds	r4, r0, r3
  1a:	428c      	cmp	r4, r1
  1c:	d3f9      	bcc.n	12 <CopyDataInit>
  1e:	4a09      	ldr	r2, [pc, #36]	; (44 <LoopFillZerobss+0x1a>)
  20:	4c09      	ldr	r4, [pc, #36]	; (48 <LoopFillZerobss+0x1e>)
  22:	2300      	movs	r3, #0
  24:	e001      	b.n	2a <LoopFillZerobss>

00000026 <FillZerobss>:
  26:	6013      	str	r3, [r2, #0]
  28:	3204      	adds	r2, #4

0000002a <LoopFillZerobss>:
  2a:	42a2      	cmp	r2, r4
  2c:	d3fb      	bcc.n	26 <FillZerobss>
  2e:	f7ff fffe 	bl	0 <main>
  32:	4770      	bx	lr
	...

Disassembly of section .text.Default_Handler:

00000000 <ADC_IRQHandler>:
   0:	e7fe      	b.n	0 <ADC_IRQHandler>
